GAMS 50.2.0  d60bb663 Jul 14, 2025          WEX-WEI x86 64bit/MS Windows - 08/21/25 16:53:36 Page 1
G e n e r a l   A l g e b r a i c   M o d e l i n g   S y s t e m
C o m p i l a t i o n


   1  * ==============================================================================
   2  * GAMS Model: Otimizacao de Corte de Bobinas - Beontag
   3  * Versao: 28.0 - GEEK (Filtro de Par Valido)
   4  * Autor: GAMS Geek (Gemini AI)
   5  * Data: 20 de Agosto de 2025
   6  *
   7  * DESCRICAO:
   8  * Esta versao corrige a falha de geracao de padroes da v27.0 implementando
   9  * um filtro unificado e robusto para o subproblema.
  10  * 1. Um novo Set 'p_pc_validos(p_base, c)' e criado dinamicamente para
  11  * armazenar apenas as combinacoes (PN_Base, Comprimento) que existem.
  12  * 2. O subproblema foi reestruturado para usar uma unica variavel binaria
  13  * 'y_par_pc' que seleciona um desses pares validos.
  14  * 3. Esta abordagem garante que o subproblema sempre opere com um conjunto
  15  * viavel de produtos, resolvendo a falha e tornando o modelo mais eficiente.
  16  * ==============================================================================
  17   
GAMS 50.2.0  d60bb663 Jul 14, 2025          WEX-WEI x86 64bit/MS Windows - 08/21/25 16:53:36 Page 2
Otimizacao de Corte de Bobinas - Beontag (v28.0 - Filtro de Par)
C o m p i l a t i o n


  19   
  20  * ------------------------------------------------------------------------------
  21  * FASE 0: OPCOES GLOBAIS
  22  * ------------------------------------------------------------------------------
  24   
  25  * --- Opcoes do Solver
  26  Option optcr  = 0.01;
  27  *Option reslim = 3600;
  28  Option solPrint = off;
  29  Option limRow = 0, limCol = 0;
  30  * --- Opcoes especificas para o CPLEX
  36   
  37  * ==============================================================================
  38  * FASE 1: CARGA DE DADOS E DEFINICAO DE ESTRUTURAS
  39  * ==============================================================================
INCLUDE    C:\Users\55159\source\repos\APSSystem_NOVO\GamsInputData.dat
  41  * Arquivo de dados gerado em: 20/08/2025 08:14:48
  42   
  43  Set j 'recursos' /
  44    ASHE1
  45    ASHE2
  46    ATLAS
  47  /;
  48   
  49  Set t 'dias do horizonte de planejamento' /
  50    '2025-08-20'
  51    '2025-08-21'
  52    '2025-08-22'
  53    '2025-08-23'
  54    '2025-08-24'
  55    '2025-08-25'
  56    '2025-08-26'
  57    '2025-08-27'
  58    '2025-08-28'
  59    '2025-08-29'
  60    '2025-08-30'
  61    '2025-08-31'
  62    '2025-09-01'
  63    '2025-09-02'
  64    '2025-09-03'
  65    '2025-09-04'
  66  /;
  67   
  68  Set p_base 'produtos genericos' /
  69    '551952'
  70    '62018'
  71    '78139'
  72    '851952'
  73    '871952'
  74    '88020'
  75    '88512'
  76    '88516'
  77    '88959'
  78  /;
  79   
  80  Set w 'larguras' /
  81    '4'
  82    '4.5'
  83    '4.625'
  84    '4.75'
  85    '5'
  86    '5.25'
  87    '5.5'
  88    '5.75'
  89    '6'
  90    '6.5'
  91    '6.625'
  92    '6.75'
  93    '7'
  94    '7.125'
  95    '7.25'
  96    '7.375'
  97    '7.5'
  98    '7.75'
  99    '7.875'
 100    '8.5'
 101    '8.5625'
 102    '8.625'
 103    '8.75'
 104    '8.875'
 105    '9'
 106    '9.125'
 107    '9.75'
 108    '9.875'
 109    '10'
 110    '10.125'
 111    '10.25'
 112    '10.75'
 113    '11'
 114    '11.21'
 115    '11.25'
 116    '11.5'
 117    '12'
 118    '12.375'
 119    '12.75'
 120    '12.875'
 121    '13'
 122    '13.25'
 123    '13.5'
 124    '14'
 125    '14.5'
 126    '15'
 127    '15.75'
 128    '16'
 129    '16.125'
 130    '16.25'
 131    '16.75'
 132    '16.875'
 133    '17'
 134    '17.25'
 135    '17.5'
 136    '18.625'
 137    '19'
 138    '21'
 139    '26.5'
 140    '52'
 141    '59'
 142    '60'
 143  /;
 144   
 145  Set c 'comprimentos' /
 146    '10000'
 147    '15000'
 148  /;
 149   
 150  Set p(p_base, w, c) 'produtos agregados validos' /
 151    '851952'.'10'.'10000'
 152    '851952'.'17.5'.'10000'
 153    '62018'.'8.625'.'10000'
 154    '62018'.'4.625'.'10000'
 155    '88020'.'13'.'10000'
 156    '851952'.'13'.'10000'
 157    '851952'.'9'.'10000'
 158    '851952'.'7'.'10000'
 159    '88020'.'9'.'10000'
 160    '88020'.'11'.'10000'
 161    '851952'.'16.75'.'15000'
 162    '851952'.'13.5'.'15000'
 163    '88020'.'16.125'.'10000'
 164    '62018'.'12.75'.'15000'
 165    '62018'.'17'.'15000'
 166    '62018'.'10'.'15000'
 167    '62018'.'16.25'.'10000'
 168    '62018'.'13'.'10000'
 169    '62018'.'17'.'10000'
 170    '62018'.'11.21'.'10000'
 171    '62018'.'11.25'.'10000'
 172    '62018'.'4.5'.'10000'
 173    '62018'.'16'.'10000'
 174    '62018'.'9'.'10000'
 175    '88516'.'6.75'.'10000'
 176    '88516'.'9'.'10000'
 177    '88516'.'13'.'10000'
 178    '88516'.'9.125'.'10000'
 179    '88516'.'16'.'10000'
 180    '88516'.'5'.'10000'
 181    '88020'.'6.75'.'10000'
 182    '88020'.'17'.'10000'
 183    '88512'.'6'.'10000'
 184    '88512'.'10'.'10000'
 185    '88512'.'13.25'.'10000'
 186    '88512'.'11.25'.'10000'
 187    '851952'.'21'.'10000'
 188    '88020'.'15'.'10000'
 189    '88020'.'6.5'.'10000'
 190    '88020'.'26.5'.'10000'
 191    '88020'.'7'.'10000'
 192    '88020'.'10'.'10000'
 193    '88020'.'8.5'.'10000'
 194    '88020'.'21'.'10000'
 195    '62018'.'16.25'.'15000'
 196    '62018'.'13'.'15000'
 197    '62018'.'13.25'.'10000'
 198    '88020'.'8.625'.'10000'
 199    '551952'.'17'.'15000'
 200    '551952'.'13'.'15000'
 201    '88020'.'10'.'15000'
 202    '88020'.'17'.'15000'
 203    '62018'.'12.75'.'10000'
 204    '88020'.'6.625'.'10000'
 205    '62018'.'15.75'.'15000'
 206    '88020'.'12.875'.'10000'
 207    '88020'.'11.25'.'10000'
 208    '88020'.'12.375'.'10000'
 209    '88020'.'8.875'.'10000'
 210    '88020'.'7.25'.'10000'
 211    '62018'.'19'.'15000'
 212    '551952'.'13'.'10000'
 213    '551952'.'17.25'.'10000'
 214    '851952'.'17'.'15000'
 215    '551952'.'11.5'.'15000'
 216    '62018'.'8.75'.'10000'
 217    '88020'.'52'.'10000'
 218    '62018'.'60'.'10000'
 219    '88020'.'13.5'.'10000'
 220    '851952'.'13'.'15000'
 221    '871952'.'13'.'10000'
 222    '62018'.'16.875'.'15000'
 223    '62018'.'26.5'.'15000'
 224    '62018'.'18.625'.'15000'
 225    '62018'.'21'.'15000'
 226    '851952'.'9.75'.'10000'
 227    '851952'.'10.25'.'10000'
 228    '851952'.'5.25'.'10000'
 229    '62018'.'10'.'10000'
 230    '62018'.'8.5625'.'10000'
 231    '88959'.'13'.'10000'
 232    '88020'.'6'.'10000'
 233    '62018'.'9.75'.'10000'
 234    '551952'.'8.75'.'10000'
 235    '551952'.'21'.'10000'
 236    '851952'.'12.75'.'10000'
 237    '88020'.'9.875'.'10000'
 238    '78139'.'6.5'.'10000'
 239    '78139'.'10'.'10000'
 240    '78139'.'7.75'.'10000'
 241    '78139'.'5.5'.'10000'
 242    '78139'.'5'.'10000'
 243    '78139'.'7.5'.'10000'
 244    '78139'.'4'.'10000'
 245    '78139'.'4.5'.'10000'
 246    '88020'.'14'.'10000'
 247    '88020'.'5.75'.'10000'
 248    '88959'.'59'.'10000'
 249    '88959'.'7'.'10000'
 250    '62018'.'4.75'.'10000'
 251    '88020'.'12'.'15000'
 252    '88020'.'4'.'10000'
 253    '88020'.'10.125'.'15000'
 254    '88020'.'13'.'15000'
 255    '88020'.'9'.'15000'
 256    '88020'.'13.5'.'15000'
 257    '88020'.'5'.'10000'
 258    '88020'.'7.125'.'10000'
 259    '88020'.'12.75'.'15000'
 260    '88020'.'26.5'.'15000'
 261    '62018'.'7.875'.'10000'
 262    '62018'.'21'.'10000'
 263    '88020'.'60'.'10000'
 264    '62018'.'6.5'.'10000'
 265    '88516'.'7.5'.'10000'
 266    '62018'.'26.5'.'10000'
 267    '62018'.'10.75'.'10000'
 268    '851952'.'14.5'.'10000'
 269    '88020'.'5.5'.'10000'
 270    '62018'.'11'.'15000'
 271    '88020'.'7.375'.'10000'
 272    '851952'.'17'.'10000'
 273    '551952'.'7.5'.'10000'
 274    '88959'.'10'.'10000'
 275  /;
 276   
 277  Scalars
 278      s_larguraMae            'Largura da bobina-mae em pol'      / 78.74 /
 279      s_comprimentoMae_pes    'Comprimento da bobina-mae em pol'  / 15000 /;
 280   
 281  Parameter p_velocidadeMaq(j) 'Velocidade da maquina em polegadas por minuto' /
 282      ASHE1 1000
 283      ASHE2 1000
 284      ATLAS 1000
 285  /;
 286   
 287  Parameter p_eficiencia(j) 'Eficiencia media da maquina (percentual)' /
 288      ASHE1 0.9
 289      ASHE2 0.8
 290      ATLAS 0.7
 291  /;
 292   
 293  Parameter p_tempoSetupBase(j) 'Tempo de setup em minutos para a maquina' /
 294      ASHE1 15
 295      ASHE2 15
 296      ATLAS 15
 297  /;
 298   
 299  Parameter p_maxCortes(j) 'Numero maximo de cortes simultaneos na maquina' /
 300      ASHE1 9
 301      ASHE2 9
 302      ATLAS 10
 303  /;
 304   
 305  Parameter p_custoHora(j) 'Custo operacional da maquina por hora' /
 306      ASHE1 1
 307      ASHE2 1
 308      ATLAS 1
 309  /;
 310   
 311  Parameter p_tempoDisponivel(j,t) 'Tempo disponivel em minutos por dia' /
 312      ASHE1.'2025-08-20' 480.00
 313      ASHE1.'2025-08-21' 480.00
 314      ASHE1.'2025-08-22' 480.00
 315      ASHE1.'2025-08-23' 480.00
 316      ASHE1.'2025-08-24' 480.00
 317      ASHE1.'2025-08-25' 480.00
 318      ASHE1.'2025-08-26' 480.00
 319      ASHE1.'2025-08-27' 480.00
 320      ASHE1.'2025-08-28' 480.00
 321      ASHE1.'2025-08-29' 480.00
 322      ASHE1.'2025-08-30' 480.00
 323      ASHE1.'2025-08-31' 480.00
 324      ASHE1.'2025-09-01' 480.00
 325      ASHE1.'2025-09-02' 480.00
 326      ASHE1.'2025-09-03' 480.00
 327      ASHE1.'2025-09-04' 480.00
 328      ASHE2.'2025-08-20' 1079.98
 329      ASHE2.'2025-08-21' 1079.98
 330      ASHE2.'2025-08-22' 1079.98
 331      ASHE2.'2025-08-23' 1079.98
 332      ASHE2.'2025-08-24' 1079.98
 333      ASHE2.'2025-08-25' 1079.98
 334      ASHE2.'2025-08-26' 1079.98
 335      ASHE2.'2025-08-27' 1079.98
 336      ASHE2.'2025-08-28' 1079.98
 337      ASHE2.'2025-08-29' 1079.98
 338      ASHE2.'2025-08-30' 1079.98
 339      ASHE2.'2025-08-31' 1079.98
 340      ASHE2.'2025-09-01' 1079.98
 341      ASHE2.'2025-09-02' 1079.98
 342      ASHE2.'2025-09-03' 1079.98
 343      ASHE2.'2025-09-04' 1079.98
 344      ATLAS.'2025-08-20' 1079.98
 345      ATLAS.'2025-08-21' 1079.98
 346      ATLAS.'2025-08-22' 1079.98
 347      ATLAS.'2025-08-23' 1079.98
 348      ATLAS.'2025-08-24' 1079.98
 349      ATLAS.'2025-08-25' 1079.98
 350      ATLAS.'2025-08-26' 1079.98
 351      ATLAS.'2025-08-27' 1079.98
 352      ATLAS.'2025-08-28' 1079.98
 353      ATLAS.'2025-08-29' 1079.98
 354      ATLAS.'2025-08-30' 1079.98
 355      ATLAS.'2025-08-31' 1079.98
 356      ATLAS.'2025-09-01' 1079.98
 357      ATLAS.'2025-09-02' 1079.98
 358      ATLAS.'2025-09-03' 1079.98
 359      ATLAS.'2025-09-04' 1079.98
 360  /;
 361   
 362  Parameter p_larguraProduto(p_base, w, c) 'Largura numerica de cada produto (redundante)' /
 363      '851952'.'10'.'10000' 10
 364      '851952'.'17.5'.'10000' 17.5
 365      '62018'.'8.625'.'10000' 8.625
 366      '62018'.'4.625'.'10000' 4.625
 367      '88020'.'13'.'10000' 13
 368      '851952'.'13'.'10000' 13
 369      '851952'.'9'.'10000' 9
 370      '851952'.'7'.'10000' 7
 371      '88020'.'9'.'10000' 9
 372      '88020'.'11'.'10000' 11
 373      '851952'.'16.75'.'15000' 16.75
 374      '851952'.'13.5'.'15000' 13.5
 375      '88020'.'16.125'.'10000' 16.125
 376      '62018'.'12.75'.'15000' 12.75
 377      '62018'.'17'.'15000' 17
 378      '62018'.'10'.'15000' 10
 379      '62018'.'16.25'.'10000' 16.25
 380      '62018'.'13'.'10000' 13
 381      '62018'.'17'.'10000' 17
 382      '62018'.'11.21'.'10000' 11.21
 383      '62018'.'11.25'.'10000' 11.25
 384      '62018'.'4.5'.'10000' 4.5
 385      '62018'.'16'.'10000' 16
 386      '62018'.'9'.'10000' 9
 387      '88516'.'6.75'.'10000' 6.75
 388      '88516'.'9'.'10000' 9
 389      '88516'.'13'.'10000' 13
 390      '88516'.'9.125'.'10000' 9.125
 391      '88516'.'16'.'10000' 16
 392      '88516'.'5'.'10000' 5
 393      '88020'.'6.75'.'10000' 6.75
 394      '88020'.'17'.'10000' 17
 395      '88512'.'6'.'10000' 6
 396      '88512'.'10'.'10000' 10
 397      '88512'.'13.25'.'10000' 13.25
 398      '88512'.'11.25'.'10000' 11.25
 399      '851952'.'21'.'10000' 21
 400      '88020'.'15'.'10000' 15
 401      '88020'.'6.5'.'10000' 6.5
 402      '88020'.'26.5'.'10000' 26.5
 403      '88020'.'7'.'10000' 7
 404      '88020'.'10'.'10000' 10
 405      '88020'.'8.5'.'10000' 8.5
 406      '88020'.'21'.'10000' 21
 407      '62018'.'16.25'.'15000' 16.25
 408      '62018'.'13'.'15000' 13
 409      '62018'.'13.25'.'10000' 13.25
 410      '88020'.'8.625'.'10000' 8.625
 411      '551952'.'17'.'15000' 17
 412      '551952'.'13'.'15000' 13
 413      '88020'.'10'.'15000' 10
 414      '88020'.'17'.'15000' 17
 415      '62018'.'12.75'.'10000' 12.75
 416      '88020'.'6.625'.'10000' 6.625
 417      '62018'.'15.75'.'15000' 15.75
 418      '88020'.'12.875'.'10000' 12.875
 419      '88020'.'11.25'.'10000' 11.25
 420      '88020'.'12.375'.'10000' 12.375
 421      '88020'.'8.875'.'10000' 8.875
 422      '88020'.'7.25'.'10000' 7.25
 423      '62018'.'19'.'15000' 19
 424      '551952'.'13'.'10000' 13
 425      '551952'.'17.25'.'10000' 17.25
 426      '851952'.'17'.'15000' 17
 427      '551952'.'11.5'.'15000' 11.5
 428      '62018'.'8.75'.'10000' 8.75
 429      '88020'.'52'.'10000' 52
 430      '62018'.'60'.'10000' 60
 431      '88020'.'13.5'.'10000' 13.5
 432      '851952'.'13'.'15000' 13
 433      '871952'.'13'.'10000' 13
 434      '62018'.'16.875'.'15000' 16.875
 435      '62018'.'26.5'.'15000' 26.5
 436      '62018'.'18.625'.'15000' 18.625
 437      '62018'.'21'.'15000' 21
 438      '851952'.'9.75'.'10000' 9.75
 439      '851952'.'10.25'.'10000' 10.25
 440      '851952'.'5.25'.'10000' 5.25
 441      '62018'.'10'.'10000' 10
 442      '62018'.'8.5625'.'10000' 8.5625
 443      '88959'.'13'.'10000' 13
 444      '88020'.'6'.'10000' 6
 445      '62018'.'9.75'.'10000' 9.75
 446      '551952'.'8.75'.'10000' 8.75
 447      '551952'.'21'.'10000' 21
 448      '851952'.'12.75'.'10000' 12.75
 449      '88020'.'9.875'.'10000' 9.875
 450      '78139'.'6.5'.'10000' 6.5
 451      '78139'.'10'.'10000' 10
 452      '78139'.'7.75'.'10000' 7.75
 453      '78139'.'5.5'.'10000' 5.5
 454      '78139'.'5'.'10000' 5
 455      '78139'.'7.5'.'10000' 7.5
 456      '78139'.'4'.'10000' 4
 457      '78139'.'4.5'.'10000' 4.5
 458      '88020'.'14'.'10000' 14
 459      '88020'.'5.75'.'10000' 5.75
 460      '88959'.'59'.'10000' 59
 461      '88959'.'7'.'10000' 7
 462      '62018'.'4.75'.'10000' 4.75
 463      '88020'.'12'.'15000' 12
 464      '88020'.'4'.'10000' 4
 465      '88020'.'10.125'.'15000' 10.125
 466      '88020'.'13'.'15000' 13
 467      '88020'.'9'.'15000' 9
 468      '88020'.'13.5'.'15000' 13.5
 469      '88020'.'5'.'10000' 5
 470      '88020'.'7.125'.'10000' 7.125
 471      '88020'.'12.75'.'15000' 12.75
 472      '88020'.'26.5'.'15000' 26.5
 473      '62018'.'7.875'.'10000' 7.875
 474      '62018'.'21'.'10000' 21
 475      '88020'.'60'.'10000' 60
 476      '62018'.'6.5'.'10000' 6.5
 477      '88516'.'7.5'.'10000' 7.5
 478      '62018'.'26.5'.'10000' 26.5
 479      '62018'.'10.75'.'10000' 10.75
 480      '851952'.'14.5'.'10000' 14.5
 481      '88020'.'5.5'.'10000' 5.5
 482      '62018'.'11'.'15000' 11
 483      '88020'.'7.375'.'10000' 7.375
 484      '851952'.'17'.'10000' 17
 485      '551952'.'7.5'.'10000' 7.5
 486      '88959'.'10'.'10000' 10
 487  /;
 488   
 489  Parameter p_comprimentoProduto(p_base, w, c) 'Comprimento numerico de cada produto (redundante)' /
 490      '851952'.'10'.'10000' 10000
 491      '851952'.'17.5'.'10000' 10000
 492      '62018'.'8.625'.'10000' 10000
 493      '62018'.'4.625'.'10000' 10000
 494      '88020'.'13'.'10000' 10000
 495      '851952'.'13'.'10000' 10000
 496      '851952'.'9'.'10000' 10000
 497      '851952'.'7'.'10000' 10000
 498      '88020'.'9'.'10000' 10000
 499      '88020'.'11'.'10000' 10000
 500      '851952'.'16.75'.'15000' 15000
 501      '851952'.'13.5'.'15000' 15000
 502      '88020'.'16.125'.'10000' 10000
 503      '62018'.'12.75'.'15000' 15000
 504      '62018'.'17'.'15000' 15000
 505      '62018'.'10'.'15000' 15000
 506      '62018'.'16.25'.'10000' 10000
 507      '62018'.'13'.'10000' 10000
 508      '62018'.'17'.'10000' 10000
 509      '62018'.'11.21'.'10000' 10000
 510      '62018'.'11.25'.'10000' 10000
 511      '62018'.'4.5'.'10000' 10000
 512      '62018'.'16'.'10000' 10000
 513      '62018'.'9'.'10000' 10000
 514      '88516'.'6.75'.'10000' 10000
 515      '88516'.'9'.'10000' 10000
 516      '88516'.'13'.'10000' 10000
 517      '88516'.'9.125'.'10000' 10000
 518      '88516'.'16'.'10000' 10000
 519      '88516'.'5'.'10000' 10000
 520      '88020'.'6.75'.'10000' 10000
 521      '88020'.'17'.'10000' 10000
 522      '88512'.'6'.'10000' 10000
 523      '88512'.'10'.'10000' 10000
 524      '88512'.'13.25'.'10000' 10000
 525      '88512'.'11.25'.'10000' 10000
 526      '851952'.'21'.'10000' 10000
 527      '88020'.'15'.'10000' 10000
 528      '88020'.'6.5'.'10000' 10000
 529      '88020'.'26.5'.'10000' 10000
 530      '88020'.'7'.'10000' 10000
 531      '88020'.'10'.'10000' 10000
 532      '88020'.'8.5'.'10000' 10000
 533      '88020'.'21'.'10000' 10000
 534      '62018'.'16.25'.'15000' 15000
 535      '62018'.'13'.'15000' 15000
 536      '62018'.'13.25'.'10000' 10000
 537      '88020'.'8.625'.'10000' 10000
 538      '551952'.'17'.'15000' 15000
 539      '551952'.'13'.'15000' 15000
 540      '88020'.'10'.'15000' 15000
 541      '88020'.'17'.'15000' 15000
 542      '62018'.'12.75'.'10000' 10000
 543      '88020'.'6.625'.'10000' 10000
 544      '62018'.'15.75'.'15000' 15000
 545      '88020'.'12.875'.'10000' 10000
 546      '88020'.'11.25'.'10000' 10000
 547      '88020'.'12.375'.'10000' 10000
 548      '88020'.'8.875'.'10000' 10000
 549      '88020'.'7.25'.'10000' 10000
 550      '62018'.'19'.'15000' 15000
 551      '551952'.'13'.'10000' 10000
 552      '551952'.'17.25'.'10000' 10000
 553      '851952'.'17'.'15000' 15000
 554      '551952'.'11.5'.'15000' 15000
 555      '62018'.'8.75'.'10000' 10000
 556      '88020'.'52'.'10000' 10000
 557      '62018'.'60'.'10000' 10000
 558      '88020'.'13.5'.'10000' 10000
 559      '851952'.'13'.'15000' 15000
 560      '871952'.'13'.'10000' 10000
 561      '62018'.'16.875'.'15000' 15000
 562      '62018'.'26.5'.'15000' 15000
 563      '62018'.'18.625'.'15000' 15000
 564      '62018'.'21'.'15000' 15000
 565      '851952'.'9.75'.'10000' 10000
 566      '851952'.'10.25'.'10000' 10000
 567      '851952'.'5.25'.'10000' 10000
 568      '62018'.'10'.'10000' 10000
 569      '62018'.'8.5625'.'10000' 10000
 570      '88959'.'13'.'10000' 10000
 571      '88020'.'6'.'10000' 10000
 572      '62018'.'9.75'.'10000' 10000
 573      '551952'.'8.75'.'10000' 10000
 574      '551952'.'21'.'10000' 10000
 575      '851952'.'12.75'.'10000' 10000
 576      '88020'.'9.875'.'10000' 10000
 577      '78139'.'6.5'.'10000' 10000
 578      '78139'.'10'.'10000' 10000
 579      '78139'.'7.75'.'10000' 10000
 580      '78139'.'5.5'.'10000' 10000
 581      '78139'.'5'.'10000' 10000
 582      '78139'.'7.5'.'10000' 10000
 583      '78139'.'4'.'10000' 10000
 584      '78139'.'4.5'.'10000' 10000
 585      '88020'.'14'.'10000' 10000
 586      '88020'.'5.75'.'10000' 10000
 587      '88959'.'59'.'10000' 10000
 588      '88959'.'7'.'10000' 10000
 589      '62018'.'4.75'.'10000' 10000
 590      '88020'.'12'.'15000' 15000
 591      '88020'.'4'.'10000' 10000
 592      '88020'.'10.125'.'15000' 15000
 593      '88020'.'13'.'15000' 15000
 594      '88020'.'9'.'15000' 15000
 595      '88020'.'13.5'.'15000' 15000
 596      '88020'.'5'.'10000' 10000
 597      '88020'.'7.125'.'10000' 10000
 598      '88020'.'12.75'.'15000' 15000
 599      '88020'.'26.5'.'15000' 15000
 600      '62018'.'7.875'.'10000' 10000
 601      '62018'.'21'.'10000' 10000
 602      '88020'.'60'.'10000' 10000
 603      '62018'.'6.5'.'10000' 10000
 604      '88516'.'7.5'.'10000' 10000
 605      '62018'.'26.5'.'10000' 10000
 606      '62018'.'10.75'.'10000' 10000
 607      '851952'.'14.5'.'10000' 10000
 608      '88020'.'5.5'.'10000' 10000
 609      '62018'.'11'.'15000' 15000
 610      '88020'.'7.375'.'10000' 10000
 611      '851952'.'17'.'10000' 10000
 612      '551952'.'7.5'.'10000' 10000
 613      '88959'.'10'.'10000' 10000
 614  /;
 615   
 616  Parameter p_demanda(p_base, w, c, t) 'Demanda agregada por produto e data de entrega' /
 617    '851952'.'10'.'10000'.'2025-08-20'  12
 618    '851952'.'17.5'.'10000'.'2025-08-20'  2
 619    '62018'.'8.625'.'10000'.'2025-08-20'  6
 620    '62018'.'4.625'.'10000'.'2025-08-20'  2
 621    '88020'.'13'.'10000'.'2025-08-20'  14
 622    '851952'.'13'.'10000'.'2025-08-20'  30
 623    '851952'.'9'.'10000'.'2025-08-20'  2
 624    '851952'.'7'.'10000'.'2025-08-20'  2
 625    '88020'.'9'.'10000'.'2025-08-20'  2
 626    '88020'.'11'.'10000'.'2025-08-20'  2
 627    '851952'.'16.75'.'15000'.'2025-08-20'  12
 628    '851952'.'13.5'.'15000'.'2025-08-20'  4
 629    '88020'.'16.125'.'10000'.'2025-08-20'  8
 630    '88020'.'13'.'10000'.'2025-08-21'  2
 631    '62018'.'12.75'.'15000'.'2025-08-21'  44
 632    '62018'.'17'.'15000'.'2025-08-21'  10
 633    '62018'.'10'.'15000'.'2025-08-21'  2
 634    '62018'.'16.25'.'10000'.'2025-08-21'  14
 635    '62018'.'13'.'10000'.'2025-08-21'  2
 636    '62018'.'17'.'10000'.'2025-08-21'  2
 637    '62018'.'11.21'.'10000'.'2025-08-21'  2
 638    '62018'.'8.625'.'10000'.'2025-08-21'  8
 639    '62018'.'11.25'.'10000'.'2025-08-21'  6
 640    '62018'.'4.5'.'10000'.'2025-08-21'  4
 641    '62018'.'16'.'10000'.'2025-08-21'  2
 642    '62018'.'9'.'10000'.'2025-08-22'  16
 643    '88020'.'9'.'10000'.'2025-08-22'  4
 644    '88516'.'6.75'.'10000'.'2025-08-22'  10
 645    '88516'.'9'.'10000'.'2025-08-22'  4
 646    '88516'.'13'.'10000'.'2025-08-22'  2
 647    '88516'.'9.125'.'10000'.'2025-08-22'  4
 648    '88516'.'16'.'10000'.'2025-08-22'  2
 649    '88516'.'5'.'10000'.'2025-08-22'  2
 650    '88020'.'6.75'.'10000'.'2025-08-22'  22
 651    '88020'.'17'.'10000'.'2025-08-22'  2
 652    '62018'.'12.75'.'15000'.'2025-08-22'  12
 653    '62018'.'13'.'10000'.'2025-08-22'  14
 654    '88512'.'6'.'10000'.'2025-08-22'  16
 655    '88512'.'10'.'10000'.'2025-08-22'  2
 656    '88512'.'13.25'.'10000'.'2025-08-22'  6
 657    '88512'.'11.25'.'10000'.'2025-08-23'  2
 658    '88512'.'13.25'.'10000'.'2025-08-23'  2
 659    '851952'.'13'.'10000'.'2025-08-23'  2
 660    '851952'.'9'.'10000'.'2025-08-23'  10
 661    '851952'.'21'.'10000'.'2025-08-23'  2
 662    '88020'.'15'.'10000'.'2025-08-23'  12
 663    '88020'.'6.5'.'10000'.'2025-08-23'  20
 664    '88020'.'26.5'.'10000'.'2025-08-23'  2
 665    '88020'.'13'.'10000'.'2025-08-23'  2
 666    '88020'.'7'.'10000'.'2025-08-23'  16
 667    '88020'.'9'.'10000'.'2025-08-23'  2
 668    '88020'.'10'.'10000'.'2025-08-23'  4
 669    '88020'.'8.5'.'10000'.'2025-08-23'  20
 670    '88020'.'16.125'.'10000'.'2025-08-23'  2
 671    '88020'.'13'.'10000'.'2025-08-24'  2
 672    '88020'.'17'.'10000'.'2025-08-24'  2
 673    '88020'.'7'.'10000'.'2025-08-24'  18
 674    '88020'.'21'.'10000'.'2025-08-24'  2
 675    '88020'.'9'.'10000'.'2025-08-24'  16
 676    '62018'.'16.25'.'15000'.'2025-08-24'  10
 677    '62018'.'13'.'15000'.'2025-08-24'  2
 678    '851952'.'13'.'10000'.'2025-08-24'  18
 679    '62018'.'13.25'.'10000'.'2025-08-24'  10
 680    '62018'.'13'.'10000'.'2025-08-24'  4
 681    '88020'.'8.625'.'10000'.'2025-08-24'  28
 682    '551952'.'17'.'15000'.'2025-08-24'  6
 683    '551952'.'13'.'15000'.'2025-08-25'  4
 684    '62018'.'12.75'.'15000'.'2025-08-25'  12
 685    '88020'.'9'.'10000'.'2025-08-25'  14
 686    '88020'.'21'.'10000'.'2025-08-25'  4
 687    '88020'.'13'.'10000'.'2025-08-25'  2
 688    '88020'.'10'.'15000'.'2025-08-25'  12
 689    '88020'.'17'.'15000'.'2025-08-25'  2
 690    '62018'.'13'.'10000'.'2025-08-25'  14
 691    '851952'.'21'.'10000'.'2025-08-25'  2
 692    '851952'.'10'.'10000'.'2025-08-25'  8
 693    '851952'.'17.5'.'10000'.'2025-08-25'  2
 694    '62018'.'12.75'.'10000'.'2025-08-25'  14
 695    '88020'.'10'.'10000'.'2025-08-25'  20
 696    '88020'.'17'.'10000'.'2025-08-25'  4
 697    '88020'.'9'.'10000'.'2025-08-26'  4
 698    '88020'.'6.625'.'10000'.'2025-08-26'  14
 699    '88020'.'13'.'10000'.'2025-08-26'  2
 700    '62018'.'13'.'10000'.'2025-08-26'  2
 701    '62018'.'9'.'10000'.'2025-08-26'  2
 702    '62018'.'15.75'.'15000'.'2025-08-26'  14
 703    '88020'.'12.875'.'10000'.'2025-08-26'  4
 704    '88020'.'11.25'.'10000'.'2025-08-26'  8
 705    '88020'.'12.375'.'10000'.'2025-08-26'  4
 706    '88020'.'8.875'.'10000'.'2025-08-26'  6
 707    '62018'.'4.5'.'10000'.'2025-08-26'  4
 708    '88020'.'8.5'.'10000'.'2025-08-26'  20
 709    '88020'.'17'.'10000'.'2025-08-26'  2
 710    '88020'.'7.25'.'10000'.'2025-08-26'  20
 711    '88020'.'21'.'10000'.'2025-08-26'  2
 712    '88020'.'6.75'.'10000'.'2025-08-27'  20
 713    '88020'.'17'.'10000'.'2025-08-27'  6
 714    '88020'.'6.5'.'10000'.'2025-08-27'  30
 715    '88020'.'21'.'10000'.'2025-08-27'  2
 716    '851952'.'13'.'10000'.'2025-08-27'  4
 717    '851952'.'7'.'10000'.'2025-08-27'  2
 718    '851952'.'9'.'10000'.'2025-08-27'  4
 719    '62018'.'19'.'15000'.'2025-08-27'  16
 720    '551952'.'13'.'10000'.'2025-08-27'  4
 721    '551952'.'17.25'.'10000'.'2025-08-27'  6
 722    '851952'.'17'.'15000'.'2025-08-27'  4
 723    '551952'.'11.5'.'15000'.'2025-08-27'  8
 724    '551952'.'13'.'15000'.'2025-08-27'  2
 725    '551952'.'17'.'15000'.'2025-08-27'  2
 726    '62018'.'9'.'10000'.'2025-08-28'  4
 727    '62018'.'8.75'.'10000'.'2025-08-28'  4
 728    '62018'.'12.75'.'15000'.'2025-08-28'  10
 729    '62018'.'13'.'15000'.'2025-08-28'  2
 730    '88020'.'52'.'10000'.'2025-08-28'  2
 731    '88020'.'26.5'.'10000'.'2025-08-28'  2
 732    '62018'.'60'.'10000'.'2025-08-28'  2
 733    '62018'.'17'.'10000'.'2025-08-28'  2
 734    '88020'.'13.5'.'10000'.'2025-08-28'  2
 735    '851952'.'13'.'15000'.'2025-08-28'  2
 736    '871952'.'13'.'10000'.'2025-08-28'  2
 737    '62018'.'16.875'.'15000'.'2025-08-28'  8
 738    '62018'.'26.5'.'15000'.'2025-08-28'  2
 739    '62018'.'18.625'.'15000'.'2025-08-28'  6
 740    '62018'.'21'.'15000'.'2025-08-28'  2
 741    '851952'.'9.75'.'10000'.'2025-08-28'  6
 742    '851952'.'10.25'.'10000'.'2025-08-28'  6
 743    '851952'.'17.5'.'10000'.'2025-08-28'  2
 744    '851952'.'5.25'.'10000'.'2025-08-29'  10
 745    '851952'.'9.75'.'10000'.'2025-08-29'  2
 746    '851952'.'10.25'.'10000'.'2025-08-29'  2
 747    '62018'.'13'.'15000'.'2025-08-29'  2
 748    '62018'.'10'.'10000'.'2025-08-29'  2
 749    '62018'.'8.5625'.'10000'.'2025-08-29'  14
 750    '62018'.'17'.'10000'.'2025-08-29'  2
 751    '88959'.'13'.'10000'.'2025-08-29'  12
 752    '88020'.'6'.'10000'.'2025-08-29'  20
 753    '88020'.'13'.'10000'.'2025-08-29'  2
 754    '88020'.'17'.'10000'.'2025-08-29'  2
 755    '551952'.'13'.'15000'.'2025-08-29'  24
 756    '62018'.'19'.'15000'.'2025-08-29'  12
 757    '62018'.'21'.'15000'.'2025-08-29'  2
 758    '62018'.'17'.'15000'.'2025-08-29'  2
 759    '62018'.'9.75'.'10000'.'2025-08-29'  2
 760    '62018'.'21'.'15000'.'2025-08-30'  2
 761    '62018'.'19'.'15000'.'2025-08-30'  12
 762    '62018'.'17'.'15000'.'2025-08-30'  2
 763    '851952'.'13'.'10000'.'2025-08-30'  12
 764    '551952'.'8.75'.'10000'.'2025-08-30'  8
 765    '551952'.'21'.'10000'.'2025-08-30'  4
 766    '88020'.'10'.'10000'.'2025-08-30'  16
 767    '88020'.'17'.'10000'.'2025-08-30'  2
 768    '88020'.'13'.'10000'.'2025-08-30'  24
 769    '88020'.'6.75'.'10000'.'2025-08-30'  4
 770    '62018'.'10'.'10000'.'2025-08-30'  4
 771    '851952'.'12.75'.'10000'.'2025-08-30'  6
 772    '88020'.'9.875'.'10000'.'2025-08-30'  8
 773    '88020'.'7.25'.'10000'.'2025-08-31'  10
 774    '78139'.'6.5'.'10000'.'2025-08-31'  12
 775    '78139'.'10'.'10000'.'2025-08-31'  2
 776    '78139'.'7.75'.'10000'.'2025-08-31'  8
 777    '78139'.'5.5'.'10000'.'2025-08-31'  8
 778    '78139'.'5'.'10000'.'2025-08-31'  12
 779    '78139'.'7.5'.'10000'.'2025-08-31'  8
 780    '78139'.'4'.'10000'.'2025-08-31'  6
 781    '78139'.'4.5'.'10000'.'2025-08-31'  12
 782    '62018'.'13'.'10000'.'2025-08-31'  2
 783    '88020'.'14'.'10000'.'2025-08-31'  6
 784    '88020'.'21'.'10000'.'2025-08-31'  2
 785    '88020'.'15'.'10000'.'2025-08-31'  4
 786    '88020'.'26.5'.'10000'.'2025-08-31'  2
 787    '88020'.'10'.'10000'.'2025-08-31'  14
 788    '88020'.'8.5'.'10000'.'2025-08-31'  2
 789    '88020'.'5.75'.'10000'.'2025-08-31'  4
 790    '88959'.'13'.'10000'.'2025-09-01'  2
 791    '88959'.'59'.'10000'.'2025-09-01'  2
 792    '88959'.'7'.'10000'.'2025-09-01'  2
 793    '62018'.'4.75'.'10000'.'2025-09-01'  4
 794    '88020'.'12'.'15000'.'2025-09-01'  10
 795    '88020'.'6'.'10000'.'2025-09-01'  4
 796    '88020'.'10'.'10000'.'2025-09-01'  2
 797    '88020'.'4'.'10000'.'2025-09-01'  12
 798    '88020'.'11.25'.'10000'.'2025-09-01'  16
 799    '88020'.'10.125'.'15000'.'2025-09-01'  16
 800    '88020'.'13'.'15000'.'2025-09-01'  2
 801    '88020'.'9'.'15000'.'2025-09-01'  8
 802    '88020'.'13.5'.'15000'.'2025-09-01'  10
 803    '88020'.'5'.'10000'.'2025-09-01'  6
 804    '88020'.'7.125'.'10000'.'2025-09-01'  12
 805    '88020'.'6'.'10000'.'2025-09-02'  4
 806    '88020'.'9'.'15000'.'2025-09-02'  12
 807    '88020'.'12.75'.'15000'.'2025-09-02'  12
 808    '88020'.'13.5'.'15000'.'2025-09-02'  6
 809    '88020'.'12'.'15000'.'2025-09-02'  6
 810    '88020'.'10.125'.'15000'.'2025-09-02'  10
 811    '88020'.'26.5'.'15000'.'2025-09-02'  2
 812    '62018'.'9'.'10000'.'2025-09-02'  2
 813    '62018'.'7.875'.'10000'.'2025-09-02'  10
 814    '62018'.'4.625'.'10000'.'2025-09-02'  8
 815    '62018'.'21'.'10000'.'2025-09-02'  2
 816    '88020'.'17'.'10000'.'2025-09-02'  2
 817    '88020'.'60'.'10000'.'2025-09-02'  2
 818    '62018'.'4.75'.'10000'.'2025-09-02'  6
 819    '62018'.'6.5'.'10000'.'2025-09-02'  2
 820    '88959'.'7'.'10000'.'2025-09-02'  4
 821    '88516'.'7.5'.'10000'.'2025-09-02'  14
 822    '62018'.'13'.'10000'.'2025-09-02'  8
 823    '62018'.'26.5'.'10000'.'2025-09-02'  2
 824    '62018'.'10.75'.'10000'.'2025-09-03'  12
 825    '62018'.'13'.'10000'.'2025-09-03'  2
 826    '851952'.'12.75'.'10000'.'2025-09-03'  2
 827    '62018'.'12.75'.'10000'.'2025-09-03'  2
 828    '851952'.'14.5'.'10000'.'2025-09-03'  4
 829    '851952'.'10'.'10000'.'2025-09-03'  2
 830    '88020'.'5.5'.'10000'.'2025-09-03'  16
 831    '88020'.'26.5'.'10000'.'2025-09-03'  2
 832    '88020'.'5'.'10000'.'2025-09-03'  10
 833    '62018'.'11'.'15000'.'2025-09-03'  2
 834    '62018'.'13'.'15000'.'2025-09-03'  12
 835    '88020'.'7.375'.'10000'.'2025-09-03'  14
 836    '851952'.'17'.'10000'.'2025-09-03'  2
 837    '851952'.'13'.'10000'.'2025-09-03'  2
 838    '551952'.'7.5'.'10000'.'2025-09-03'  6
 839    '551952'.'7.5'.'10000'.'2025-09-04'  2
 840    '551952'.'8.75'.'10000'.'2025-09-04'  16
 841    '851952'.'17'.'10000'.'2025-09-04'  2
 842    '88020'.'13'.'10000'.'2025-09-04'  14
 843    '88020'.'11.25'.'10000'.'2025-09-04'  18
 844    '88020'.'5.75'.'10000'.'2025-09-04'  18
 845    '88020'.'26.5'.'10000'.'2025-09-04'  4
 846    '88020'.'6'.'10000'.'2025-09-04'  8
 847    '88959'.'13'.'10000'.'2025-09-04'  8
 848    '88020'.'11'.'10000'.'2025-09-04'  8
 849    '88020'.'21'.'10000'.'2025-09-04'  2
 850    '88020'.'8.625'.'10000'.'2025-09-04'  12
 851    '88959'.'10'.'10000'.'2025-09-04'  8
 852    '88020'.'6.625'.'10000'.'2025-09-04'  6
 853  /;
 854   
 855  * ------------------------------------------------------------------------------
 856  * 1.2 Declaracao de Conjuntos e Parametros Adicionais
 857  * ------------------------------------------------------------------------------
 858  Sets
 859      pt       'Universo de padroes de corte potenciais' /pt_dummy, Job001*Job999/
 860  *-- NOVO --*
 861      p_pc_validos(p_base, c) 'Pares (PN_Base, Comprimento) que existem nos dados';
 862   
 863  Alias (t, tt, t2, t_prod);
 864  Alias (pt, pt_new);
 865   
 866  * --- Populamos dinamicamente o novo Set com as combinacoes que realmente existem
 867  p_pc_validos(p_base, c) = yes$sum(w, p(p_base, w, c));
 868   
 869   
 870  * --- Parametros para calculo da capacidade ---
 871  Parameter p_velocidadeEfetiva(j) 'pol/min efetivo';
 872  p_velocidadeEfetiva(j) = p_velocidadeMaq(j) * p_eficiencia(j);
 873   
 874  Parameter p_tempoProcesso(j) 'min por bobina-mae';
 875  p_tempoProcesso(j)$p_velocidadeEfetiva(j) = s_comprimentoMae_pes / p_velocidadeEfetiva(j);
 876  Parameter p_tempoUsoMaquina(j) 'min por uso na maquina j (setup + processo)';
 877  p_tempoUsoMaquina(j) = p_tempoSetupBase(j) + p_tempoProcesso(j);
 878   
 879  * --- Parametros de Custo e Qualidade ---
 880  Scalar s_pesoCustoProducao         'Custo por bobina-mae usada' / 1 /;
 881  Scalar s_pesoCustoAtraso          'Penalidade ponderada por dia de atraso'/ 10 /;
 882  Scalar s_pesoCustoFalta        'Custo por unidade de produto faltante (demanda nao atendida)'/ 10000 /;
 883  Scalar s_pesoCustoRefugo         'Custo de refugo (sobra de largura), para desempate'/ 0.1 /;
 884   
 885  Scalar s_minUtilPct_master    'Utilizacao minima para um padrao ser aceito pelo mestre' / 0.90 /;
 886   
 887  * --- Parametro para a restricao global de cortes ---
 888  Scalar s_maxCortesGlobal     'Numero maximo de cortes permitido em um padrao';
 889  s_maxCortesGlobal = smin(j, p_maxCortes(j));
 890   
 891   
 892  Parameters
 893      p_precoDual(p_base,w,c)         'Preco dual da demanda (para pricing)'
 894      p_refugoLargura(pt)             'Largura nao utilizada (refugo) do padrao pt'
 895      p_custoAtraso(p_base, w, c, t)  'Penalidade por dia de atraso para cada necessidade';
 896   
 897  * Mapeamento de dados dos produtos
 898  Parameters
 899      p_larguraPwC(p_base,w,c)    'Largura numerica do produto'
 900      p_compPwC(p_base,w,c)       'Comprimento numerico do produto';
 901  p_larguraPwC(p_base,w,c)$(p_larguraProduto(p_base,w,c)) = p_larguraProduto(p_base,w,c);
 902  p_compPwC(p_base,w,c)$(p_comprimentoProduto(p_base,w,c)) = p_comprimentoProduto(p_base,w,c);
 903   
 904  * --- Calculo da penalidade de atraso ---
 905  p_custoAtraso(p_base,w,c,t)$p_demanda(p_base,w,c,t) = (1 / (ord(t) + 1e-6)) * p_demanda(p_base,w,c,t);
 906   
 907   
 908  * ==============================================================================
 909  * FASE 2: DEFINICAO DO PROBLEMA MESTRE E SUBPROBLEMA
 910  * ==============================================================================
 911   
 912  Parameters
 913      p_rendimentoPadrao(pt,p_base,w,c) 'Qtd do produto (p,w,c) por padrao pt';
 914  Set pt_on(pt) 'Padroes ativos que podem ser usados pelo mestre';
 915   
 916  * --- Variaveis e Equacoes do Mestre ---
 917  Variables
 918      v_usaPadrao(pt, j, t)
 919      v_diasAtraso(p_base, w, c, t)
 920      v_falta(p_base, w, c)
 921      zTotal;
 922  Integer Variable  v_usaPadrao;
 923  Positive Variable v_diasAtraso, v_falta;
 924   
 925  Equations
 926      eq_objetivo
 927      eq_atendeDemanda(p_base, w, c)
 928      eq_calculaAtraso(p_base, w, c, t)
 929      eq_capacidade(j, t);
 930   
 931  *
 932  * A funcao objetivo minimiza a soma ponderada de todos os custos.
 933  eq_objetivo.. zTotal =e=
 934        s_pesoCustoProducao  * sum((pt,j,t)$pt_on(pt), v_usaPadrao(pt,j,t))
 935      + s_pesoCustoRefugo    * sum((pt,j,t)$pt_on(pt), (p_refugoLargura(pt)/s_larguraMae) * v_usaPadrao(pt,j,t))
 936      + s_pesoCustoAtraso    * sum((p_base,w,c,t), v_diasAtraso(p_base,w,c,t))
 937      + s_pesoCustoFalta     * sum((p_base,w,c), v_falta(p_base,w,c));
 938   
 939  *
 940  * Garante que a producao total de um item, somada a falta, seja EXATAMENTE igual a demanda total.
 941  eq_atendeDemanda(p_base,w,c)..
 942      sum((pt,j,t)$pt_on(pt), p_rendimentoPadrao(pt, p_base,w,c) * v_usaPadrao(pt,j,t)) + v_falta(p_base,w,c)
 943      =e= sum(t, p_demanda(p_base,w,c, t));
 944   
 945  *
 946  * O atraso e calculado para cada necessidade especifica, ponderado pela quantidade produzida apos o prazo.
 947  eq_calculaAtraso(p_base,w,c,t)$p_demanda(p_base,w,c,t)..
 948      v_diasAtraso(p_base,w,c,t) =g= sum((pt,j,t2)$(pt_on(pt) and ord(t2) > ord(t)),
 949          (ord(t2) - ord(t)) * p_custoAtraso(p_base,w,c,t) * (p_rendimentoPadrao(pt,p_base,w,c) * v_usaPadrao(pt,j,t2))
 950      );
 951   
 952  *
 953  * Garante que o tempo total de uso dos padroes em uma maquina j no dia t nao exceda o tempo disponivel.
 954  eq_capacidade(j,t)$(p_tempoDisponivel(j,t) > 0)..
 955      sum(pt$pt_on(pt), v_usaPadrao(pt,j,t) * p_tempoUsoMaquina(j))
 956      =l= p_tempoDisponivel(j,t);
 957   
 958  * --- Modelo Mestre ---
 959  Model CorteMestre / all /;
 960   
 961  * ------------------------------------------------------------------------------
 962  * --- Subproblema (Logica ALTERADA para Par Valido) ---
 963  * ------------------------------------------------------------------------------
 964  Parameter UmaxCuts(p_base,w,c) 'limite sup. inteiro de cortes por produto no padrao';
 965  UmaxCuts(p_base,w,c) = 0;
 966  UmaxCuts(p_base,w,c)$(
 967      p(p_base,w,c) and p_larguraPwC(p_base,w,c) > 0 and
 968      p_larguraPwC(p_base,w,c) <= s_larguraMae
 969  ) = floor(s_larguraMae / p_larguraPwC(p_base,w,c));
 970  Scalar s_minUtilPct 'Target de utilizacao minima de largura por padrao' / 0.90 /;
 971   
 972  Variables
 973      v_valorPadrao;
 974  Integer Variable v_geraCorte(p_base,w,c);
 975  *-- ALTERADO --*
 976  Binary Variable
 977      y_par_pc(p_base, c) '1 se o par (PN, Comp) for escolhido para o padrao';
 978   
 979  Equations
 980      eq_sub_objetivo,
 981      eq_sub_capacidade,
 982  *-- NOVO --*
 983      eq_um_par_pc,
 984      eq_link_par_pc(p_base,w,c),
 985      eq_min_util,
 986      eq_sub_max_cortes;
 987   
 988  *
 989  * Funcao objetivo do subproblema: maximiza o valor do padrao.
 990  eq_sub_objetivo..   v_valorPadrao =e= sum((p_base,w,c), p_precoDual(p_base,w,c) * v_geraCorte(p_base,w,c));
 991  *
 992  * Restricao de capacidade de largura.
 993  eq_sub_capacidade.. sum((p_base,w,c), p_larguraPwC(p_base,w,c) * v_geraCorte(p_base,w,c)) =l= s_larguraMae;
 994   
 995  *-- NOVO --*
 996  *
 997  * Garante que exatamente um par valido (PN_Base, Comprimento) seja escolhido.
 998  eq_um_par_pc..
 999      sum(p_pc_validos(p_base,c), y_par_pc(p_base,c)) =e= 1;
1000   
1001  *-- NOVO --*
1002  *
1003  * Acopla a variavel de corte 'v_geraCorte' a escolha do par (PN_Base, Comprimento).
1004  eq_link_par_pc(p_base,w,c)$p(p_base,w,c)..
1005      v_geraCorte(p_base,w,c) =l= UmaxCuts(p_base,w,c) * y_par_pc(p_base,c);
1006   
1007  *
1008  * Garante que a utilizacao da largura da bobina-mae seja acima de um percentual minimo.
1009  *-- ALTERADO (simplificado, pois a soma das variaveis binarias agora e sempre 1)--*
1010  eq_min_util..
1011      sum((p_base,w,c)$p(p_base,w,c), p_larguraPwC(p_base,w,c) * v_geraCorte(p_base,w,c))
1012      =g= s_minUtilPct * s_larguraMae;
1013  *
1014  * Restricao de numero maximo de cortes.
1015  eq_sub_max_cortes..
1016      sum((p_base,w,c), v_geraCorte(p_base,w,c)) =l= s_maxCortesGlobal;
1017   
1018  Model GeraPadrao / all /;
1019   
1020  v_geraCorte.lo(p_base,w,c) = 0;
1021  v_geraCorte.up(p_base,w,c) = UmaxCuts(p_base,w,c);
1022   
1023  * ==============================================================================
1024  * FASE 3: LOOP DE GERACAO DE COLUNAS
1025  * ==============================================================================
1026  Scalar
1027      s_contadorPadroes   / 0 /,   s_podeMelhorar  / 1 /,     s_iter / 0 /,
1028      s_iterMax           / 499 /, s_semMelhora / 0 /,     s_semMelhoraMax / 10 /,
1029      s_epsPreco          / 0.001 /, s_lastCusto / INF /,
1030      s_tempoMaximoTotal  / 300 /, s_timeStart;
1031  Scalar p_fillLargura_cand 'Ocupacao do padrao candidato para validacao';
1032   
1033  * --- Inicializacao com padrao "dummy" ---
1034  p_rendimentoPadrao('pt_dummy', p_base, w, c) = 0;
1035  p_refugoLargura('pt_dummy') = 0;
1036  pt_on('pt_dummy') = yes;
1037   
1038  * --- Loop Principal ---
1039  s_timeStart = jnow;
1040  WHILE( (s_podeMelhorar = 1) and (s_iter < s_iterMax) and (s_semMelhora < s_semMelhoraMax) and ((jnow - s_timeStart)*86400 < s_tempoMaximoTotal),
1041      s_iter = s_iter + 1;
1042   
1043      SOLVE CorteMestre using RMIP minimizing zTotal;
1044   
1045      p_precoDual(p_base,w,c) = eq_atendeDemanda.m(p_base,w,c);
1046      put_utility 'log' / '[INFO] Iteracao ', s_iter:0:0, ' | Custo Mestre: ', zTotal.l:0:2;
1047   
1048      if( s_lastCusto < INF,
1049          if( abs(s_lastCusto - zTotal.l) < 1e-4, s_semMelhora = s_semMelhora + 1; else s_semMelhora = 0; );
1050      );
1051      s_lastCusto = zTotal.l;
1052   
1053      s_podeMelhorar = 0;
1054      SOLVE GeraPadrao using MIP maximizing v_valorPadrao;
1055   
1056      if (v_valorPadrao.l > s_pesoCustoProducao + s_epsPreco,
1057          put_utility 'log' / '[INFO] Novo padrao com valor: ', v_valorPadrao.l:0:4;
1058          s_podeMelhorar = 1;
1059          s_contadorPadroes = s_contadorPadroes + 1;
1060   
1061          if(s_contadorPadroes = 1,
1062              pt_on('pt_dummy') = no;
1063          );
1064   
1065          loop(pt_new$(ord(pt_new) = s_contadorPadroes + 1),
1066             p_rendimentoPadrao(pt_new, p_base,w,c) = v_geraCorte.l(p_base,w,c);
1067             p_fillLargura_cand = sum((p_base,w,c), p_larguraPwC(p_base,w,c) * p_rendimentoPadrao(pt_new,p_base,w,c));
1068   
1069             if (p_fillLargura_cand >= s_minUtilPct_master * s_larguraMae,
1070                 pt_on(pt_new) = yes;
1071                 p_refugoLargura(pt_new) = s_larguraMae - p_fillLargura_cand;
1072                 put_utility 'log' / '[ACCEPT] Padrao ', pt_new.tl, ' aceito com utilizacao: ', ((p_fillLargura_cand/s_larguraMae)*100):0:2, '%';
1073             else
1074                 pt_on(pt_new) = no;
1075                 p_rendimentoPadrao(pt_new, p_base,w,c) = 0;
1076                 s_contadorPadroes = s_contadorPadroes - 1;
1077                 put_utility 'log' / '[REJECT] Padrao ', pt_new.tl, ' rejeitado com utilizacao: ', ((p_fillLargura_cand/s_larguraMae)*100):0:2, '%';
1078             );
1079          );
1080      );
1081  );
1082   
1083  * ==============================================================================
1084  * FASE 4: OTIMIZACAO FINAL E RELATORIOS
1085  * ==============================================================================
1086  if (CorteMestre.modelstat = 1 or CorteMestre.modelstat = 8,
1087      CorteMestre.reslim=600;
1088      CorteMestre.optcr=0.05;
1089      SOLVE CorteMestre using MIP minimizing zTotal;
1090  );
1091  * ------------------------------------------------------------------------------
1092  * 4.1 Relatorios de Saida em formato CSV
1093  * ------------------------------------------------------------------------------
1094  File
1095      f_composicao_csv    '/relatorio_composicao_padroes.csv/'
1096      f_plano_csv         '/relatorio_plano_producao.csv/'
1097      f_status_csv        '/relatorio_status_entregas.csv/';
1098  * --- Relatorio 1: Composicao dos Padroes Utilizados
1099  put f_composicao_csv 'PadraoCorte,PN_Base,LarguraProduto,CompProduto,QtdPorBobinaMae' /;
1100  loop((pt, p_base, w, c)$(p_rendimentoPadrao(pt, p_base, w, c) > 0),
1101      put f_composicao_csv pt.tl, ',', p_base.tl, ',', w.tl, ',', c.tl, ',';
1102      put f_composicao_csv p_rendimentoPadrao(pt,p_base,w,c):0:2 /;
1103  );
1104  putclose f_composicao_csv;
1105   
1106  * --- Relatorio 2: Plano de Producao (com saida inteira)
1107  put f_plano_csv 'DataProducao,Maquina,PadraoCorte,QtdBobinasMae' /;
1108  loop((pt,j,t)$(v_usaPadrao.l(pt,j,t) > 0.001),
1109      put f_plano_csv t.tl, ',', j.tl, ',', pt.tl, ',';
1110      put f_plano_csv v_usaPadrao.l(pt,j,t):0:0 /;
1111  );
1112  putclose f_plano_csv;
1113   
1114  * --- Relatorio 3: Status das Entregas vs. Demanda
1115  Parameter
1116      p_prodPorData(p_base,w,c,t)
1117      p_cumProd(p_base,w,c,t)
1118      p_cumDem(p_base,w,c,t)
1119      p_dataAtende_ord(p_base,w,c,t)
1120      p_diasDesvio(p_base,w,c,t);
1121  p_prodPorData(p_base,w,c,t) = sum((pt,j), p_rendimentoPadrao(pt,p_base,w,c) * v_usaPadrao.l(pt,j,t));
1122  p_cumProd(p_base,w,c,t) = sum(tt$(ord(tt) <= ord(t)), p_prodPorData(p_base,w,c,tt));
1123  p_cumDem(p_base,w,c,t)  = sum(tt$(ord(tt) <= ord(t)), p_demanda(p_base,w,c,tt));
1124  p_dataAtende_ord(p_base,w,c,t) = 0;
1125  loop((p_base,w,c,t)$(p_demanda(p_base,w,c,t) > 0),
1126      loop(t2$(p_cumProd(p_base,w,c,t2) >= p_cumDem(p_base,w,c,t) and p_dataAtende_ord(p_base,w,c,t) = 0),
1127          p_dataAtende_ord(p_base,w,c,t) = ord(t2);
1128      );
1129  );
1130  p_diasDesvio(p_base,w,c,t)$(p_dataAtende_ord(p_base,w,c,t) > 0) = p_dataAtende_ord(p_base,w,c,t) - ord(t);
1131   
1132  put f_status_csv 'PN_Base,LarguraProduto,CompProduto,DataEntregaRequerida,QtdDemandada,DataProducaoReal,DiasDesvio,StatusEntrega' /;
1133  loop((p_base,w,c,t)$(p_demanda(p_base,w,c,t) > 0),
1134      put f_status_csv p_base.tl, ',', w.tl, ',', c.tl, ',', t.tl, ',';
1135      put f_status_csv p_demanda(p_base,w,c,t):0:2, ',';
1136   
1137      if(p_dataAtende_ord(p_base,w,c,t) > 0,
1138          loop(t_prod$(ord(t_prod) = p_dataAtende_ord(p_base,w,c,t)),
1139              put f_status_csv t_prod.tl;
1140          );
1141          put f_status_csv ',', p_diasDesvio(p_base,w,c,t):0:0, ',';
1142          if (p_diasDesvio(p_base,w,c,t) > 0, put '1'; else put '2';);
1143      else
1144          put f_status_csv '1000-01-01 ,0 ,-1 ';
1145      );
1146      put /;
1147  );
1148  putclose f_status_csv;
GAMS 50.2.0  d60bb663 Jul 14, 2025          WEX-WEI x86 64bit/MS Windows - 08/21/25 16:53:36 Page 3
Otimizacao de Corte de Bobinas - Beontag (v28.0 - Filtro de Par)
Include File Summary


   SEQ   GLOBAL TYPE      PARENT   LOCAL  FILENAME

     1        1 INPUT          0       0  C:\Users\55159\source\repos\APSSystem_NOVO\APS_Otimizacao.gms
     2       40 INCLUDE        1      40  .C:\Users\55159\source\repos\APSSystem_NOVO\GamsInputData.dat


COMPILATION TIME     =        0.016 SECONDS      3 MB  50.2.0 d60bb663 WEX-WEI
GAMS 50.2.0  d60bb663 Jul 14, 2025          WEX-WEI x86 64bit/MS Windows - 08/21/25 16:53:36 Page 4
Otimizacao de Corte de Bobinas - Beontag (v28.0 - Filtro de Par)
Range Statistics    SOLVE CorteMestre Using RMIP From line 1043


RANGE STATISTICS (ABSOLUTE NON-ZERO FINITE VALUES)

RHS       [min, max] : [ 2.000E+00, 1.080E+03] - Zero values observed as well
Bound     [min, max] : [        NA,        NA] - Zero values observed as well
Matrix    [min, max] : [ 1.000E+00, 1.000E+04]

GAMS 50.2.0  d60bb663 Jul 14, 2025          WEX-WEI x86 64bit/MS Windows - 08/21/25 16:53:36 Page 5
Otimizacao de Corte de Bobinas - Beontag (v28.0 - Filtro de Par)
Model Statistics    SOLVE CorteMestre Using RMIP From line 1043


LOOPS                            FOR/WHILE   1


MODEL STATISTICS

BLOCKS OF EQUATIONS           4     SINGLE EQUATIONS        1,401
BLOCKS OF VARIABLES           4     SINGLE VARIABLES       19,021
NON ZERO ELEMENTS        20,421     DISCRETE VARIABLES         48


GENERATION TIME      =        0.016 SECONDS      6 MB  50.2.0 d60bb663 WEX-WEI
               L O O P S          FOR/WHILE 1

GAMS 50.2.0  d60bb663 Jul 14, 2025          WEX-WEI x86 64bit/MS Windows - 08/21/25 16:53:36 Page 6
Otimizacao de Corte de Bobinas - Beontag (v28.0 - Filtro de Par)
Solution Report     SOLVE CorteMestre Using RMIP From line 1043


               S O L V E      S U M M A R Y

     MODEL   CorteMestre         OBJECTIVE  zTotal
     TYPE    RMIP                DIRECTION  MINIMIZE
     SOLVER  CPLEX               FROM LINE  1043

**** SOLVER STATUS     1 Normal Completion
**** MODEL STATUS      1 Optimal
**** OBJECTIVE VALUE         16960000.0000

 RESOURCE USAGE, LIMIT          0.016 10000000000.000
 ITERATION COUNT, LIMIT         0    2147483647
--- GAMS/CPLEX licensed for continuous and discrete problems.
--- GMO setup time: 0.00s
--- Space for names approximately 1.10 Mb
--- Use option 'names no' to turn use of names off
--- GMO memory 3.40 Mb (peak 3.55 Mb)
--- Dictionary memory 0.00 Mb
--- Cplex 22.1.2.0 link memory 0.38 Mb (peak 1.86 Mb)
--- Starting Cplex


--- LP status (1): optimal.
--- Cplex Time: 0.02sec (det. 7.04 ticks)


Optimal solution found
Objective:     16960000.000000



**** REPORT SUMMARY :        0     NONOPT
                             0 INFEASIBLE
                             0  UNBOUNDED
GAMS 50.2.0  d60bb663 Jul 14, 2025          WEX-WEI x86 64bit/MS Windows - 08/21/25 16:53:36 Page 7
Otimizacao de Corte de Bobinas - Beontag (v28.0 - Filtro de Par)
Range Statistics    SOLVE GeraPadrao Using MIP From line 1054


RANGE STATISTICS (ABSOLUTE NON-ZERO FINITE VALUES)

RHS       [min, max] : [ 1.000E+00, 1.080E+03] - Zero values observed as well
Bound     [min, max] : [ 1.000E+00, 1.900E+01] - Zero values observed as well
Matrix    [min, max] : [ 1.000E+00, 1.000E+04]

GAMS 50.2.0  d60bb663 Jul 14, 2025          WEX-WEI x86 64bit/MS Windows - 08/21/25 16:53:36 Page 8
Otimizacao de Corte de Bobinas - Beontag (v28.0 - Filtro de Par)
Model Statistics    SOLVE GeraPadrao Using MIP From line 1054


LOOPS                            FOR/WHILE   1


MODEL STATISTICS

BLOCKS OF EQUATIONS          10     SINGLE EQUATIONS        1,530
BLOCKS OF VARIABLES           7     SINGLE VARIABLES       20,151
NON ZERO ELEMENTS        22,171     DISCRETE VARIABLES      1,177


GENERATION TIME      =        0.015 SECONDS      8 MB  50.2.0 d60bb663 WEX-WEI
               L O O P S          FOR/WHILE 1

GAMS 50.2.0  d60bb663 Jul 14, 2025          WEX-WEI x86 64bit/MS Windows - 08/21/25 16:53:36 Page 9
Otimizacao de Corte de Bobinas - Beontag (v28.0 - Filtro de Par)
Solution Report     SOLVE GeraPadrao Using MIP From line 1054


               S O L V E      S U M M A R Y

     MODEL   GeraPadrao          OBJECTIVE  v_valorPadrao
     TYPE    MIP                 DIRECTION  MAXIMIZE
     SOLVER  CPLEX               FROM LINE  1054

**** SOLVER STATUS     1 Normal Completion
**** MODEL STATUS      1 Optimal
**** OBJECTIVE VALUE            90000.0000

 RESOURCE USAGE, LIMIT          0.079 10000000000.000
 ITERATION COUNT, LIMIT        54    2147483647
--- GAMS/CPLEX licensed for continuous and discrete problems.
--- GMO setup time: 0.00s
--- Space for names approximately 1.16 Mb
--- Use option 'names no' to turn use of names off
--- GMO memory 4.05 Mb (peak 4.21 Mb)
--- Dictionary memory 0.00 Mb
--- Cplex 22.1.2.0 link memory 0.40 Mb (peak 2.21 Mb)
--- Starting Cplex


--- MIP status (101): integer optimal solution.
--- Cplex Time: 0.05sec (det. 20.36 ticks)

--- Returning a primal only solution to GAMS (marginals all set to NA).
--- Fixing integer variables and solving final LP...


--- Fixed MIP status (1): optimal.
--- Cplex Time: 0.02sec (det. 9.38 ticks)


Proven optimal solution
MIP Solution:        90000.000000    (54 iterations, 0 nodes)
Final Solve:         90000.000000    (0 iterations)

Best possible:       90000.000000
Absolute gap:            0.000000
Relative gap:            0.000000



**** REPORT SUMMARY :        0     NONOPT
                             0 INFEASIBLE
                             0  UNBOUNDED
GAMS 50.2.0  d60bb663 Jul 14, 2025          WEX-WEI x86 64bit/MS Windows - 08/21/25 16:53:36 Page 10
Otimizacao de Corte de Bobinas - Beontag (v28.0 - Filtro de Par)
Range Statistics    SOLVE CorteMestre Using RMIP From line 1043


RANGE STATISTICS (ABSOLUTE NON-ZERO FINITE VALUES)

RHS       [min, max] : [ 2.000E+00, 1.080E+03] - Zero values observed as well
Bound     [min, max] : [        NA,        NA] - Zero values observed as well
Matrix    [min, max] : [ 3.333E-01, 1.000E+04]

GAMS 50.2.0  d60bb663 Jul 14, 2025          WEX-WEI x86 64bit/MS Windows - 08/21/25 16:53:36 Page 11
Otimizacao de Corte de Bobinas - Beontag (v28.0 - Filtro de Par)
Model Statistics    SOLVE CorteMestre Using RMIP From line 1043


LOOPS                            FOR/WHILE   2


MODEL STATISTICS

BLOCKS OF EQUATIONS           4     SINGLE EQUATIONS        1,401
BLOCKS OF VARIABLES           4     SINGLE VARIABLES       19,021
NON ZERO ELEMENTS        20,712     DISCRETE VARIABLES         48


GENERATION TIME      =        0.016 SECONDS      8 MB  50.2.0 d60bb663 WEX-WEI
               L O O P S          FOR/WHILE 2

GAMS 50.2.0  d60bb663 Jul 14, 2025          WEX-WEI x86 64bit/MS Windows - 08/21/25 16:53:36 Page 12
Otimizacao de Corte de Bobinas - Beontag (v28.0 - Filtro de Par)
Solution Report     SOLVE CorteMestre Using RMIP From line 1043


               S O L V E      S U M M A R Y

     MODEL   CorteMestre         OBJECTIVE  zTotal
     TYPE    RMIP                DIRECTION  MINIMIZE
     SOLVER  CPLEX               FROM LINE  1043

**** SOLVER STATUS     1 Normal Completion
**** MODEL STATUS      1 Optimal
**** OBJECTIVE VALUE         16780002.0197

 RESOURCE USAGE, LIMIT          0.031 10000000000.000
 ITERATION COUNT, LIMIT         0    2147483647
--- GAMS/CPLEX licensed for continuous and discrete problems.
--- GMO setup time: 0.00s
--- Space for names approximately 1.10 Mb
--- Use option 'names no' to turn use of names off
--- GMO memory 3.40 Mb (peak 3.55 Mb)
--- Dictionary memory 0.00 Mb
--- Cplex 22.1.2.0 link memory 0.38 Mb (peak 1.86 Mb)
--- Starting Cplex


--- LP status (1): optimal.
--- Cplex Time: 0.03sec (det. 7.38 ticks)


Optimal solution found
Objective:     16780002.019660



**** REPORT SUMMARY :        0     NONOPT
                             0 INFEASIBLE
                             0  UNBOUNDED
GAMS 50.2.0  d60bb663 Jul 14, 2025          WEX-WEI x86 64bit/MS Windows - 08/21/25 16:53:36 Page 13
Otimizacao de Corte de Bobinas - Beontag (v28.0 - Filtro de Par)
Range Statistics    SOLVE GeraPadrao Using MIP From line 1054


RANGE STATISTICS (ABSOLUTE NON-ZERO FINITE VALUES)

RHS       [min, max] : [ 1.000E+00, 1.080E+03] - Zero values observed as well
Bound     [min, max] : [ 1.000E+00, 1.900E+01] - Zero values observed as well
Matrix    [min, max] : [ 3.333E-01, 1.000E+04]

GAMS 50.2.0  d60bb663 Jul 14, 2025          WEX-WEI x86 64bit/MS Windows - 08/21/25 16:53:36 Page 14
Otimizacao de Corte de Bobinas - Beontag (v28.0 - Filtro de Par)
Model Statistics    SOLVE GeraPadrao Using MIP From line 1054


LOOPS                            FOR/WHILE   2


MODEL STATISTICS

BLOCKS OF EQUATIONS          10     SINGLE EQUATIONS        1,530
BLOCKS OF VARIABLES           7     SINGLE VARIABLES       20,151
NON ZERO ELEMENTS        22,462     DISCRETE VARIABLES      1,177


GENERATION TIME      =        0.015 SECONDS      8 MB  50.2.0 d60bb663 WEX-WEI
               L O O P S          FOR/WHILE 2

GAMS 50.2.0  d60bb663 Jul 14, 2025          WEX-WEI x86 64bit/MS Windows - 08/21/25 16:53:36 Page 15
Otimizacao de Corte de Bobinas - Beontag (v28.0 - Filtro de Par)
Solution Report     SOLVE GeraPadrao Using MIP From line 1054


               S O L V E      S U M M A R Y

     MODEL   GeraPadrao          OBJECTIVE  v_valorPadrao
     TYPE    MIP                 DIRECTION  MAXIMIZE
     SOLVER  CPLEX               FROM LINE  1054

**** SOLVER STATUS     1 Normal Completion
**** MODEL STATUS      1 Optimal
**** OBJECTIVE VALUE            90000.0000

 RESOURCE USAGE, LIMIT          0.078 10000000000.000
 ITERATION COUNT, LIMIT        48    2147483647
--- GAMS/CPLEX licensed for continuous and discrete problems.
--- GMO setup time: 0.00s
--- Space for names approximately 1.16 Mb
--- Use option 'names no' to turn use of names off
--- GMO memory 4.05 Mb (peak 4.21 Mb)
--- Dictionary memory 0.00 Mb
--- Cplex 22.1.2.0 link memory 0.40 Mb (peak 2.22 Mb)
--- Starting Cplex


--- MIP status (101): integer optimal solution.
--- Cplex Time: 0.05sec (det. 19.97 ticks)

--- Returning a primal only solution to GAMS (marginals all set to NA).
--- Fixing integer variables and solving final LP...


--- Fixed MIP status (1): optimal.
--- Cplex Time: 0.03sec (det. 9.40 ticks)


Proven optimal solution
MIP Solution:        90000.000000    (48 iterations, 0 nodes)
Final Solve:         90000.000000    (0 iterations)

Best possible:       90000.000000
Absolute gap:            0.000000
Relative gap:            0.000000



**** REPORT SUMMARY :        0     NONOPT
                             0 INFEASIBLE
                             0  UNBOUNDED
GAMS 50.2.0  d60bb663 Jul 14, 2025          WEX-WEI x86 64bit/MS Windows - 08/21/25 16:53:36 Page 16
Otimizacao de Corte de Bobinas - Beontag (v28.0 - Filtro de Par)
Range Statistics    SOLVE CorteMestre Using RMIP From line 1043


RANGE STATISTICS (ABSOLUTE NON-ZERO FINITE VALUES)

RHS       [min, max] : [ 2.000E+00, 1.080E+03] - Zero values observed as well
Bound     [min, max] : [        NA,        NA] - Zero values observed as well
Matrix    [min, max] : [ 1.333E-01, 1.000E+04]

GAMS 50.2.0  d60bb663 Jul 14, 2025          WEX-WEI x86 64bit/MS Windows - 08/21/25 16:53:36 Page 17
Otimizacao de Corte de Bobinas - Beontag (v28.0 - Filtro de Par)
Model Statistics    SOLVE CorteMestre Using RMIP From line 1043


LOOPS                            FOR/WHILE   3


MODEL STATISTICS

BLOCKS OF EQUATIONS           4     SINGLE EQUATIONS        1,401
BLOCKS OF VARIABLES           4     SINGLE VARIABLES       19,069
NON ZERO ELEMENTS        21,039     DISCRETE VARIABLES         96


GENERATION TIME      =        0.016 SECONDS      8 MB  50.2.0 d60bb663 WEX-WEI
               L O O P S          FOR/WHILE 3

GAMS 50.2.0  d60bb663 Jul 14, 2025          WEX-WEI x86 64bit/MS Windows - 08/21/25 16:53:36 Page 18
Otimizacao de Corte de Bobinas - Beontag (v28.0 - Filtro de Par)
Solution Report     SOLVE CorteMestre Using RMIP From line 1043


               S O L V E      S U M M A R Y

     MODEL   CorteMestre         OBJECTIVE  zTotal
     TYPE    RMIP                DIRECTION  MINIMIZE
     SOLVER  CPLEX               FROM LINE  1043

**** SOLVER STATUS     1 Normal Completion
**** MODEL STATUS      1 Optimal
**** OBJECTIVE VALUE         16651432.0269

 RESOURCE USAGE, LIMIT          0.015 10000000000.000
 ITERATION COUNT, LIMIT         0    2147483647
--- GAMS/CPLEX licensed for continuous and discrete problems.
--- GMO setup time: 0.00s
--- Space for names approximately 1.10 Mb
--- Use option 'names no' to turn use of names off
--- GMO memory 3.41 Mb (peak 3.56 Mb)
--- Dictionary memory 0.00 Mb
--- Cplex 22.1.2.0 link memory 0.38 Mb (peak 1.87 Mb)
--- Starting Cplex


--- LP status (1): optimal.
--- Cplex Time: 0.02sec (det. 7.45 ticks)


Optimal solution found
Objective:     16651432.026899



**** REPORT SUMMARY :        0     NONOPT
                             0 INFEASIBLE
                             0  UNBOUNDED
GAMS 50.2.0  d60bb663 Jul 14, 2025          WEX-WEI x86 64bit/MS Windows - 08/21/25 16:53:36 Page 19
Otimizacao de Corte de Bobinas - Beontag (v28.0 - Filtro de Par)
Range Statistics    SOLVE GeraPadrao Using MIP From line 1054


RANGE STATISTICS (ABSOLUTE NON-ZERO FINITE VALUES)

RHS       [min, max] : [ 1.000E+00, 1.080E+03] - Zero values observed as well
Bound     [min, max] : [ 1.000E+00, 1.900E+01] - Zero values observed as well
Matrix    [min, max] : [ 1.333E-01, 1.000E+04]

GAMS 50.2.0  d60bb663 Jul 14, 2025          WEX-WEI x86 64bit/MS Windows - 08/21/25 16:53:36 Page 20
Otimizacao de Corte de Bobinas - Beontag (v28.0 - Filtro de Par)
Model Statistics    SOLVE GeraPadrao Using MIP From line 1054


LOOPS                            FOR/WHILE   3


MODEL STATISTICS

BLOCKS OF EQUATIONS          10     SINGLE EQUATIONS        1,530
BLOCKS OF VARIABLES           7     SINGLE VARIABLES       20,199
NON ZERO ELEMENTS        22,789     DISCRETE VARIABLES      1,225


GENERATION TIME      =        0.016 SECONDS      8 MB  50.2.0 d60bb663 WEX-WEI
               L O O P S          FOR/WHILE 3

GAMS 50.2.0  d60bb663 Jul 14, 2025          WEX-WEI x86 64bit/MS Windows - 08/21/25 16:53:36 Page 21
Otimizacao de Corte de Bobinas - Beontag (v28.0 - Filtro de Par)
Solution Report     SOLVE GeraPadrao Using MIP From line 1054


               S O L V E      S U M M A R Y

     MODEL   GeraPadrao          OBJECTIVE  v_valorPadrao
     TYPE    MIP                 DIRECTION  MAXIMIZE
     SOLVER  CPLEX               FROM LINE  1054

**** SOLVER STATUS     1 Normal Completion
**** MODEL STATUS      1 Optimal
**** OBJECTIVE VALUE            90000.0000

 RESOURCE USAGE, LIMIT          0.078 10000000000.000
 ITERATION COUNT, LIMIT        48    2147483647
--- GAMS/CPLEX licensed for continuous and discrete problems.
--- GMO setup time: 0.00s
--- Space for names approximately 1.16 Mb
--- Use option 'names no' to turn use of names off
--- GMO memory 4.06 Mb (peak 4.21 Mb)
--- Dictionary memory 0.00 Mb
--- Cplex 22.1.2.0 link memory 0.40 Mb (peak 2.23 Mb)
--- Starting Cplex


--- MIP status (101): integer optimal solution.
--- Cplex Time: 0.05sec (det. 19.84 ticks)

--- Returning a primal only solution to GAMS (marginals all set to NA).
--- Fixing integer variables and solving final LP...


--- Fixed MIP status (1): optimal.
--- Cplex Time: 0.03sec (det. 9.45 ticks)


Proven optimal solution
MIP Solution:        90000.000000    (48 iterations, 0 nodes)
Final Solve:         90000.000000    (0 iterations)

Best possible:       90000.000000
Absolute gap:            0.000000
Relative gap:            0.000000



**** REPORT SUMMARY :        0     NONOPT
                             0 INFEASIBLE
                             0  UNBOUNDED
GAMS 50.2.0  d60bb663 Jul 14, 2025          WEX-WEI x86 64bit/MS Windows - 08/21/25 16:53:36 Page 22
Otimizacao de Corte de Bobinas - Beontag (v28.0 - Filtro de Par)
Range Statistics    SOLVE CorteMestre Using RMIP From line 1043


RANGE STATISTICS (ABSOLUTE NON-ZERO FINITE VALUES)

RHS       [min, max] : [ 2.000E+00, 1.080E+03] - Zero values observed as well
Bound     [min, max] : [        NA,        NA] - Zero values observed as well
Matrix    [min, max] : [ 1.333E-01, 1.000E+04]

GAMS 50.2.0  d60bb663 Jul 14, 2025          WEX-WEI x86 64bit/MS Windows - 08/21/25 16:53:36 Page 23
Otimizacao de Corte de Bobinas - Beontag (v28.0 - Filtro de Par)
Model Statistics    SOLVE CorteMestre Using RMIP From line 1043


LOOPS                            FOR/WHILE   4


MODEL STATISTICS

BLOCKS OF EQUATIONS           4     SINGLE EQUATIONS        1,401
BLOCKS OF VARIABLES           4     SINGLE VARIABLES       19,117
NON ZERO ELEMENTS        21,366     DISCRETE VARIABLES        144


GENERATION TIME      =        0.016 SECONDS      8 MB  50.2.0 d60bb663 WEX-WEI
               L O O P S          FOR/WHILE 4

GAMS 50.2.0  d60bb663 Jul 14, 2025          WEX-WEI x86 64bit/MS Windows - 08/21/25 16:53:36 Page 24
Otimizacao de Corte de Bobinas - Beontag (v28.0 - Filtro de Par)
Solution Report     SOLVE CorteMestre Using RMIP From line 1043


               S O L V E      S U M M A R Y

     MODEL   CorteMestre         OBJECTIVE  zTotal
     TYPE    RMIP                DIRECTION  MINIMIZE
     SOLVER  CPLEX               FROM LINE  1043

**** SOLVER STATUS     1 Normal Completion
**** MODEL STATUS      1 Optimal
**** OBJECTIVE VALUE         16606432.5280

 RESOURCE USAGE, LIMIT          0.015 10000000000.000
 ITERATION COUNT, LIMIT         0    2147483647
--- GAMS/CPLEX licensed for continuous and discrete problems.
--- GMO setup time: 0.00s
--- Space for names approximately 1.11 Mb
--- Use option 'names no' to turn use of names off
--- GMO memory 3.42 Mb (peak 3.56 Mb)
--- Dictionary memory 0.00 Mb
--- Cplex 22.1.2.0 link memory 0.38 Mb (peak 1.88 Mb)
--- Starting Cplex


--- LP status (1): optimal.
--- Cplex Time: 0.01sec (det. 7.50 ticks)


Optimal solution found
Objective:     16606432.528004



**** REPORT SUMMARY :        0     NONOPT
                             0 INFEASIBLE
                             0  UNBOUNDED
GAMS 50.2.0  d60bb663 Jul 14, 2025          WEX-WEI x86 64bit/MS Windows - 08/21/25 16:53:36 Page 25
Otimizacao de Corte de Bobinas - Beontag (v28.0 - Filtro de Par)
Range Statistics    SOLVE GeraPadrao Using MIP From line 1054


RANGE STATISTICS (ABSOLUTE NON-ZERO FINITE VALUES)

RHS       [min, max] : [ 1.000E+00, 1.080E+03] - Zero values observed as well
Bound     [min, max] : [ 1.000E+00, 1.900E+01] - Zero values observed as well
Matrix    [min, max] : [ 1.333E-01, 1.000E+04]

GAMS 50.2.0  d60bb663 Jul 14, 2025          WEX-WEI x86 64bit/MS Windows - 08/21/25 16:53:36 Page 26
Otimizacao de Corte de Bobinas - Beontag (v28.0 - Filtro de Par)
Model Statistics    SOLVE GeraPadrao Using MIP From line 1054


LOOPS                            FOR/WHILE   4


MODEL STATISTICS

BLOCKS OF EQUATIONS          10     SINGLE EQUATIONS        1,530
BLOCKS OF VARIABLES           7     SINGLE VARIABLES       20,247
NON ZERO ELEMENTS        23,116     DISCRETE VARIABLES      1,273


GENERATION TIME      =        0.016 SECONDS      8 MB  50.2.0 d60bb663 WEX-WEI
               L O O P S          FOR/WHILE 4

GAMS 50.2.0  d60bb663 Jul 14, 2025          WEX-WEI x86 64bit/MS Windows - 08/21/25 16:53:36 Page 27
Otimizacao de Corte de Bobinas - Beontag (v28.0 - Filtro de Par)
Solution Report     SOLVE GeraPadrao Using MIP From line 1054


               S O L V E      S U M M A R Y

     MODEL   GeraPadrao          OBJECTIVE  v_valorPadrao
     TYPE    MIP                 DIRECTION  MAXIMIZE
     SOLVER  CPLEX               FROM LINE  1054

**** SOLVER STATUS     1 Normal Completion
**** MODEL STATUS      1 Optimal
**** OBJECTIVE VALUE            90000.0000

 RESOURCE USAGE, LIMIT          0.078 10000000000.000
 ITERATION COUNT, LIMIT        39    2147483647
--- GAMS/CPLEX licensed for continuous and discrete problems.
--- GMO setup time: 0.00s
--- Space for names approximately 1.16 Mb
--- Use option 'names no' to turn use of names off
--- GMO memory 4.06 Mb (peak 4.22 Mb)
--- Dictionary memory 0.00 Mb
--- Cplex 22.1.2.0 link memory 0.40 Mb (peak 2.23 Mb)
--- Starting Cplex


--- MIP status (101): integer optimal solution.
--- Cplex Time: 0.05sec (det. 19.94 ticks)

--- Returning a primal only solution to GAMS (marginals all set to NA).
--- Fixing integer variables and solving final LP...


--- Fixed MIP status (1): optimal.
--- Cplex Time: 0.02sec (det. 9.49 ticks)


Proven optimal solution
MIP Solution:        90000.000000    (39 iterations, 0 nodes)
Final Solve:         90000.000000    (0 iterations)

Best possible:       90000.000000
Absolute gap:            0.000000
Relative gap:            0.000000



**** REPORT SUMMARY :        0     NONOPT
                             0 INFEASIBLE
                             0  UNBOUNDED
GAMS 50.2.0  d60bb663 Jul 14, 2025          WEX-WEI x86 64bit/MS Windows - 08/21/25 16:53:36 Page 28
Otimizacao de Corte de Bobinas - Beontag (v28.0 - Filtro de Par)
Range Statistics    SOLVE CorteMestre Using RMIP From line 1043


RANGE STATISTICS (ABSOLUTE NON-ZERO FINITE VALUES)

RHS       [min, max] : [ 2.000E+00, 1.080E+03] - Zero values observed as well
Bound     [min, max] : [        NA,        NA] - Zero values observed as well
Matrix    [min, max] : [ 1.333E-01, 1.000E+04]

GAMS 50.2.0  d60bb663 Jul 14, 2025          WEX-WEI x86 64bit/MS Windows - 08/21/25 16:53:36 Page 29
Otimizacao de Corte de Bobinas - Beontag (v28.0 - Filtro de Par)
Model Statistics    SOLVE CorteMestre Using RMIP From line 1043


LOOPS                            FOR/WHILE   5


MODEL STATISTICS

BLOCKS OF EQUATIONS           4     SINGLE EQUATIONS        1,401
BLOCKS OF VARIABLES           4     SINGLE VARIABLES       19,165
NON ZERO ELEMENTS        21,585     DISCRETE VARIABLES        192


GENERATION TIME      =        0.015 SECONDS      8 MB  50.2.0 d60bb663 WEX-WEI
               L O O P S          FOR/WHILE 5

GAMS 50.2.0  d60bb663 Jul 14, 2025          WEX-WEI x86 64bit/MS Windows - 08/21/25 16:53:36 Page 30
Otimizacao de Corte de Bobinas - Beontag (v28.0 - Filtro de Par)
Solution Report     SOLVE CorteMestre Using RMIP From line 1043


               S O L V E      S U M M A R Y

     MODEL   CorteMestre         OBJECTIVE  zTotal
     TYPE    RMIP                DIRECTION  MINIMIZE
     SOLVER  CPLEX               FROM LINE  1043

**** SOLVER STATUS     1 Normal Completion
**** MODEL STATUS      1 Optimal
**** OBJECTIVE VALUE         16516433.5299

 RESOURCE USAGE, LIMIT          0.016 10000000000.000
 ITERATION COUNT, LIMIT         0    2147483647
--- GAMS/CPLEX licensed for continuous and discrete problems.
--- GMO setup time: 0.00s
--- Space for names approximately 1.11 Mb
--- Use option 'names no' to turn use of names off
--- GMO memory 3.42 Mb (peak 3.57 Mb)
--- Dictionary memory 0.00 Mb
--- Cplex 22.1.2.0 link memory 0.38 Mb (peak 1.89 Mb)
--- Starting Cplex


--- LP status (1): optimal.
--- Cplex Time: 0.02sec (det. 7.54 ticks)


Optimal solution found
Objective:     16516433.529896



**** REPORT SUMMARY :        0     NONOPT
                             0 INFEASIBLE
                             0  UNBOUNDED
GAMS 50.2.0  d60bb663 Jul 14, 2025          WEX-WEI x86 64bit/MS Windows - 08/21/25 16:53:36 Page 31
Otimizacao de Corte de Bobinas - Beontag (v28.0 - Filtro de Par)
Range Statistics    SOLVE GeraPadrao Using MIP From line 1054


RANGE STATISTICS (ABSOLUTE NON-ZERO FINITE VALUES)

RHS       [min, max] : [ 1.000E+00, 1.080E+03] - Zero values observed as well
Bound     [min, max] : [ 1.000E+00, 1.900E+01] - Zero values observed as well
Matrix    [min, max] : [ 1.333E-01, 1.000E+04]

GAMS 50.2.0  d60bb663 Jul 14, 2025          WEX-WEI x86 64bit/MS Windows - 08/21/25 16:53:36 Page 32
Otimizacao de Corte de Bobinas - Beontag (v28.0 - Filtro de Par)
Model Statistics    SOLVE GeraPadrao Using MIP From line 1054


LOOPS                            FOR/WHILE   5


MODEL STATISTICS

BLOCKS OF EQUATIONS          10     SINGLE EQUATIONS        1,530
BLOCKS OF VARIABLES           7     SINGLE VARIABLES       20,295
NON ZERO ELEMENTS        23,335     DISCRETE VARIABLES      1,321


GENERATION TIME      =        0.016 SECONDS      8 MB  50.2.0 d60bb663 WEX-WEI
               L O O P S          FOR/WHILE 5

GAMS 50.2.0  d60bb663 Jul 14, 2025          WEX-WEI x86 64bit/MS Windows - 08/21/25 16:53:36 Page 33
Otimizacao de Corte de Bobinas - Beontag (v28.0 - Filtro de Par)
Solution Report     SOLVE GeraPadrao Using MIP From line 1054


               S O L V E      S U M M A R Y

     MODEL   GeraPadrao          OBJECTIVE  v_valorPadrao
     TYPE    MIP                 DIRECTION  MAXIMIZE
     SOLVER  CPLEX               FROM LINE  1054

**** SOLVER STATUS     1 Normal Completion
**** MODEL STATUS      1 Optimal
**** OBJECTIVE VALUE            90000.0000

 RESOURCE USAGE, LIMIT          0.093 10000000000.000
 ITERATION COUNT, LIMIT        48    2147483647
--- GAMS/CPLEX licensed for continuous and discrete problems.
--- GMO setup time: 0.00s
--- Space for names approximately 1.16 Mb
--- Use option 'names no' to turn use of names off
--- GMO memory 4.07 Mb (peak 4.22 Mb)
--- Dictionary memory 0.00 Mb
--- Cplex 22.1.2.0 link memory 0.40 Mb (peak 2.24 Mb)
--- Starting Cplex


--- MIP status (101): integer optimal solution.
--- Cplex Time: 0.06sec (det. 19.91 ticks)

--- Returning a primal only solution to GAMS (marginals all set to NA).
--- Fixing integer variables and solving final LP...


--- Fixed MIP status (1): optimal.
--- Cplex Time: 0.02sec (det. 9.52 ticks)


Proven optimal solution
MIP Solution:        90000.000000    (48 iterations, 0 nodes)
Final Solve:         90000.000000    (0 iterations)

Best possible:       90000.000000
Absolute gap:            0.000000
Relative gap:            0.000000



**** REPORT SUMMARY :        0     NONOPT
                             0 INFEASIBLE
                             0  UNBOUNDED
GAMS 50.2.0  d60bb663 Jul 14, 2025          WEX-WEI x86 64bit/MS Windows - 08/21/25 16:53:36 Page 34
Otimizacao de Corte de Bobinas - Beontag (v28.0 - Filtro de Par)
Range Statistics    SOLVE CorteMestre Using RMIP From line 1043


RANGE STATISTICS (ABSOLUTE NON-ZERO FINITE VALUES)

RHS       [min, max] : [ 2.000E+00, 1.080E+03] - Zero values observed as well
Bound     [min, max] : [        NA,        NA] - Zero values observed as well
Matrix    [min, max] : [ 1.333E-01, 1.000E+04]

GAMS 50.2.0  d60bb663 Jul 14, 2025          WEX-WEI x86 64bit/MS Windows - 08/21/25 16:53:36 Page 35
Otimizacao de Corte de Bobinas - Beontag (v28.0 - Filtro de Par)
Model Statistics    SOLVE CorteMestre Using RMIP From line 1043


LOOPS                            FOR/WHILE   6


MODEL STATISTICS

BLOCKS OF EQUATIONS           4     SINGLE EQUATIONS        1,401
BLOCKS OF VARIABLES           4     SINGLE VARIABLES       19,213
NON ZERO ELEMENTS        21,801     DISCRETE VARIABLES        240


GENERATION TIME      =        0.032 SECONDS      8 MB  50.2.0 d60bb663 WEX-WEI
               L O O P S          FOR/WHILE 6

GAMS 50.2.0  d60bb663 Jul 14, 2025          WEX-WEI x86 64bit/MS Windows - 08/21/25 16:53:36 Page 36
Otimizacao de Corte de Bobinas - Beontag (v28.0 - Filtro de Par)
Solution Report     SOLVE CorteMestre Using RMIP From line 1043


               S O L V E      S U M M A R Y

     MODEL   CorteMestre         OBJECTIVE  zTotal
     TYPE    RMIP                DIRECTION  MINIMIZE
     SOLVER  CPLEX               FROM LINE  1043

**** SOLVER STATUS     1 Normal Completion
**** MODEL STATUS      1 Optimal
**** OBJECTIVE VALUE         16486433.8661

 RESOURCE USAGE, LIMIT          0.016 10000000000.000
 ITERATION COUNT, LIMIT         0    2147483647
--- GAMS/CPLEX licensed for continuous and discrete problems.
--- GMO setup time: 0.00s
--- Space for names approximately 1.11 Mb
--- Use option 'names no' to turn use of names off
--- GMO memory 3.43 Mb (peak 3.57 Mb)
--- Dictionary memory 0.00 Mb
--- Cplex 22.1.2.0 link memory 0.38 Mb (peak 1.89 Mb)
--- Starting Cplex


--- LP status (1): optimal.
--- Cplex Time: 0.02sec (det. 7.58 ticks)


Optimal solution found
Objective:     16486433.866082



**** REPORT SUMMARY :        0     NONOPT
                             0 INFEASIBLE
                             0  UNBOUNDED
GAMS 50.2.0  d60bb663 Jul 14, 2025          WEX-WEI x86 64bit/MS Windows - 08/21/25 16:53:36 Page 37
Otimizacao de Corte de Bobinas - Beontag (v28.0 - Filtro de Par)
Range Statistics    SOLVE GeraPadrao Using MIP From line 1054


RANGE STATISTICS (ABSOLUTE NON-ZERO FINITE VALUES)

RHS       [min, max] : [ 1.000E+00, 1.080E+03] - Zero values observed as well
Bound     [min, max] : [ 1.000E+00, 1.900E+01] - Zero values observed as well
Matrix    [min, max] : [ 1.333E-01, 1.000E+04]

GAMS 50.2.0  d60bb663 Jul 14, 2025          WEX-WEI x86 64bit/MS Windows - 08/21/25 16:53:36 Page 38
Otimizacao de Corte de Bobinas - Beontag (v28.0 - Filtro de Par)
Model Statistics    SOLVE GeraPadrao Using MIP From line 1054


LOOPS                            FOR/WHILE   6


MODEL STATISTICS

BLOCKS OF EQUATIONS          10     SINGLE EQUATIONS        1,530
BLOCKS OF VARIABLES           7     SINGLE VARIABLES       20,343
NON ZERO ELEMENTS        23,551     DISCRETE VARIABLES      1,369


GENERATION TIME      =        0.015 SECONDS      8 MB  50.2.0 d60bb663 WEX-WEI
               L O O P S          FOR/WHILE 6

GAMS 50.2.0  d60bb663 Jul 14, 2025          WEX-WEI x86 64bit/MS Windows - 08/21/25 16:53:36 Page 39
Otimizacao de Corte de Bobinas - Beontag (v28.0 - Filtro de Par)
Solution Report     SOLVE GeraPadrao Using MIP From line 1054


               S O L V E      S U M M A R Y

     MODEL   GeraPadrao          OBJECTIVE  v_valorPadrao
     TYPE    MIP                 DIRECTION  MAXIMIZE
     SOLVER  CPLEX               FROM LINE  1054

**** SOLVER STATUS     1 Normal Completion
**** MODEL STATUS      1 Optimal
**** OBJECTIVE VALUE            90000.0000

 RESOURCE USAGE, LIMIT          0.094 10000000000.000
 ITERATION COUNT, LIMIT        66    2147483647
--- GAMS/CPLEX licensed for continuous and discrete problems.
--- GMO setup time: 0.00s
--- Space for names approximately 1.16 Mb
--- Use option 'names no' to turn use of names off
--- GMO memory 4.08 Mb (peak 4.23 Mb)
--- Dictionary memory 0.00 Mb
--- Cplex 22.1.2.0 link memory 0.41 Mb (peak 2.25 Mb)
--- Starting Cplex


--- MIP status (101): integer optimal solution.
--- Cplex Time: 0.05sec (det. 18.72 ticks)

--- Returning a primal only solution to GAMS (marginals all set to NA).
--- Fixing integer variables and solving final LP...


--- Fixed MIP status (1): optimal.
--- Cplex Time: 0.02sec (det. 9.56 ticks)


Proven optimal solution
MIP Solution:        90000.000000    (66 iterations, 0 nodes)
Final Solve:         90000.000000    (0 iterations)

Best possible:       90000.000000
Absolute gap:            0.000000
Relative gap:            0.000000



**** REPORT SUMMARY :        0     NONOPT
                             0 INFEASIBLE
                             0  UNBOUNDED
GAMS 50.2.0  d60bb663 Jul 14, 2025          WEX-WEI x86 64bit/MS Windows - 08/21/25 16:53:36 Page 40
Otimizacao de Corte de Bobinas - Beontag (v28.0 - Filtro de Par)
Range Statistics    SOLVE CorteMestre Using RMIP From line 1043


RANGE STATISTICS (ABSOLUTE NON-ZERO FINITE VALUES)

RHS       [min, max] : [ 2.000E+00, 1.080E+03] - Zero values observed as well
Bound     [min, max] : [        NA,        NA] - Zero values observed as well
Matrix    [min, max] : [ 1.333E-01, 1.000E+04]

GAMS 50.2.0  d60bb663 Jul 14, 2025          WEX-WEI x86 64bit/MS Windows - 08/21/25 16:53:36 Page 41
Otimizacao de Corte de Bobinas - Beontag (v28.0 - Filtro de Par)
Model Statistics    SOLVE CorteMestre Using RMIP From line 1043


LOOPS                            FOR/WHILE   7


MODEL STATISTICS

BLOCKS OF EQUATIONS           4     SINGLE EQUATIONS        1,401
BLOCKS OF VARIABLES           4     SINGLE VARIABLES       19,261
NON ZERO ELEMENTS        22,215     DISCRETE VARIABLES        288


GENERATION TIME      =        0.031 SECONDS      8 MB  50.2.0 d60bb663 WEX-WEI
               L O O P S          FOR/WHILE 7

GAMS 50.2.0  d60bb663 Jul 14, 2025          WEX-WEI x86 64bit/MS Windows - 08/21/25 16:53:36 Page 42
Otimizacao de Corte de Bobinas - Beontag (v28.0 - Filtro de Par)
Solution Report     SOLVE CorteMestre Using RMIP From line 1043


               S O L V E      S U M M A R Y

     MODEL   CorteMestre         OBJECTIVE  zTotal
     TYPE    RMIP                DIRECTION  MINIMIZE
     SOLVER  CPLEX               FROM LINE  1043

**** SOLVER STATUS     1 Normal Completion
**** MODEL STATUS      1 Optimal
**** OBJECTIVE VALUE         16013939.1277

 RESOURCE USAGE, LIMIT          0.016 10000000000.000
 ITERATION COUNT, LIMIT         0    2147483647
--- GAMS/CPLEX licensed for continuous and discrete problems.
--- GMO setup time: 0.00s
--- Space for names approximately 1.11 Mb
--- Use option 'names no' to turn use of names off
--- GMO memory 3.93 Mb (peak 4.08 Mb)
--- Dictionary memory 0.00 Mb
--- Cplex 22.1.2.0 link memory 0.38 Mb (peak 1.90 Mb)
--- Starting Cplex


--- LP status (1): optimal.
--- Cplex Time: 0.02sec (det. 7.64 ticks)


Optimal solution found
Objective:     16013939.127684



**** REPORT SUMMARY :        0     NONOPT
                             0 INFEASIBLE
                             0  UNBOUNDED
GAMS 50.2.0  d60bb663 Jul 14, 2025          WEX-WEI x86 64bit/MS Windows - 08/21/25 16:53:36 Page 43
Otimizacao de Corte de Bobinas - Beontag (v28.0 - Filtro de Par)
Range Statistics    SOLVE GeraPadrao Using MIP From line 1054


RANGE STATISTICS (ABSOLUTE NON-ZERO FINITE VALUES)

RHS       [min, max] : [ 1.000E+00, 1.080E+03] - Zero values observed as well
Bound     [min, max] : [ 1.000E+00, 1.900E+01] - Zero values observed as well
Matrix    [min, max] : [ 1.333E-01, 1.000E+04]

GAMS 50.2.0  d60bb663 Jul 14, 2025          WEX-WEI x86 64bit/MS Windows - 08/21/25 16:53:36 Page 44
Otimizacao de Corte de Bobinas - Beontag (v28.0 - Filtro de Par)
Model Statistics    SOLVE GeraPadrao Using MIP From line 1054


LOOPS                            FOR/WHILE   7


MODEL STATISTICS

BLOCKS OF EQUATIONS          10     SINGLE EQUATIONS        1,530
BLOCKS OF VARIABLES           7     SINGLE VARIABLES       20,391
NON ZERO ELEMENTS        23,965     DISCRETE VARIABLES      1,417


GENERATION TIME      =        0.016 SECONDS      8 MB  50.2.0 d60bb663 WEX-WEI
               L O O P S          FOR/WHILE 7

GAMS 50.2.0  d60bb663 Jul 14, 2025          WEX-WEI x86 64bit/MS Windows - 08/21/25 16:53:36 Page 45
Otimizacao de Corte de Bobinas - Beontag (v28.0 - Filtro de Par)
Solution Report     SOLVE GeraPadrao Using MIP From line 1054


               S O L V E      S U M M A R Y

     MODEL   GeraPadrao          OBJECTIVE  v_valorPadrao
     TYPE    MIP                 DIRECTION  MAXIMIZE
     SOLVER  CPLEX               FROM LINE  1054

**** SOLVER STATUS     1 Normal Completion
**** MODEL STATUS      1 Optimal
**** OBJECTIVE VALUE            90000.0000

 RESOURCE USAGE, LIMIT          0.078 10000000000.000
 ITERATION COUNT, LIMIT        45    2147483647
--- GAMS/CPLEX licensed for continuous and discrete problems.
--- GMO setup time: 0.00s
--- Space for names approximately 1.17 Mb
--- Use option 'names no' to turn use of names off
--- GMO memory 4.08 Mb (peak 4.24 Mb)
--- Dictionary memory 0.00 Mb
--- Cplex 22.1.2.0 link memory 0.41 Mb (peak 2.26 Mb)
--- Starting Cplex


--- MIP status (101): integer optimal solution.
--- Cplex Time: 0.05sec (det. 18.66 ticks)

--- Returning a primal only solution to GAMS (marginals all set to NA).
--- Fixing integer variables and solving final LP...


--- Fixed MIP status (1): optimal.
--- Cplex Time: 0.03sec (det. 9.61 ticks)


Proven optimal solution
MIP Solution:        90000.000000    (45 iterations, 0 nodes)
Final Solve:         90000.000000    (0 iterations)

Best possible:       90000.000000
Absolute gap:            0.000000
Relative gap:            0.000000



**** REPORT SUMMARY :        0     NONOPT
                             0 INFEASIBLE
                             0  UNBOUNDED
GAMS 50.2.0  d60bb663 Jul 14, 2025          WEX-WEI x86 64bit/MS Windows - 08/21/25 16:53:36 Page 46
Otimizacao de Corte de Bobinas - Beontag (v28.0 - Filtro de Par)
Range Statistics    SOLVE CorteMestre Using RMIP From line 1043


RANGE STATISTICS (ABSOLUTE NON-ZERO FINITE VALUES)

RHS       [min, max] : [ 2.000E+00, 1.080E+03] - Zero values observed as well
Bound     [min, max] : [        NA,        NA] - Zero values observed as well
Matrix    [min, max] : [ 1.333E-01, 1.000E+04]

GAMS 50.2.0  d60bb663 Jul 14, 2025          WEX-WEI x86 64bit/MS Windows - 08/21/25 16:53:36 Page 47
Otimizacao de Corte de Bobinas - Beontag (v28.0 - Filtro de Par)
Model Statistics    SOLVE CorteMestre Using RMIP From line 1043


LOOPS                            FOR/WHILE   8


MODEL STATISTICS

BLOCKS OF EQUATIONS           4     SINGLE EQUATIONS        1,401
BLOCKS OF VARIABLES           4     SINGLE VARIABLES       19,309
NON ZERO ELEMENTS        22,575     DISCRETE VARIABLES        336


GENERATION TIME      =        0.031 SECONDS      8 MB  50.2.0 d60bb663 WEX-WEI
               L O O P S          FOR/WHILE 8

GAMS 50.2.0  d60bb663 Jul 14, 2025          WEX-WEI x86 64bit/MS Windows - 08/21/25 16:53:36 Page 48
Otimizacao de Corte de Bobinas - Beontag (v28.0 - Filtro de Par)
Solution Report     SOLVE CorteMestre Using RMIP From line 1043


               S O L V E      S U M M A R Y

     MODEL   CorteMestre         OBJECTIVE  zTotal
     TYPE    RMIP                DIRECTION  MINIMIZE
     SOLVER  CPLEX               FROM LINE  1043

**** SOLVER STATUS     1 Normal Completion
**** MODEL STATUS      1 Optimal
**** OBJECTIVE VALUE         15905940.3326

 RESOURCE USAGE, LIMIT          0.016 10000000000.000
 ITERATION COUNT, LIMIT         0    2147483647
--- GAMS/CPLEX licensed for continuous and discrete problems.
--- GMO setup time: 0.00s
--- Space for names approximately 1.12 Mb
--- Use option 'names no' to turn use of names off
--- GMO memory 3.94 Mb (peak 4.09 Mb)
--- Dictionary memory 0.00 Mb
--- Cplex 22.1.2.0 link memory 0.38 Mb (peak 1.91 Mb)
--- Starting Cplex


--- LP status (1): optimal.
--- Cplex Time: 0.02sec (det. 7.70 ticks)


Optimal solution found
Objective:     15905940.332622



**** REPORT SUMMARY :        0     NONOPT
                             0 INFEASIBLE
                             0  UNBOUNDED
GAMS 50.2.0  d60bb663 Jul 14, 2025          WEX-WEI x86 64bit/MS Windows - 08/21/25 16:53:36 Page 49
Otimizacao de Corte de Bobinas - Beontag (v28.0 - Filtro de Par)
Range Statistics    SOLVE GeraPadrao Using MIP From line 1054


RANGE STATISTICS (ABSOLUTE NON-ZERO FINITE VALUES)

RHS       [min, max] : [ 1.000E+00, 1.080E+03] - Zero values observed as well
Bound     [min, max] : [ 1.000E+00, 1.900E+01] - Zero values observed as well
Matrix    [min, max] : [ 1.333E-01, 1.000E+04]

GAMS 50.2.0  d60bb663 Jul 14, 2025          WEX-WEI x86 64bit/MS Windows - 08/21/25 16:53:36 Page 50
Otimizacao de Corte de Bobinas - Beontag (v28.0 - Filtro de Par)
Model Statistics    SOLVE GeraPadrao Using MIP From line 1054


LOOPS                            FOR/WHILE   8


MODEL STATISTICS

BLOCKS OF EQUATIONS          10     SINGLE EQUATIONS        1,530
BLOCKS OF VARIABLES           7     SINGLE VARIABLES       20,439
NON ZERO ELEMENTS        24,325     DISCRETE VARIABLES      1,465


GENERATION TIME      =        0.016 SECONDS      8 MB  50.2.0 d60bb663 WEX-WEI
               L O O P S          FOR/WHILE 8

GAMS 50.2.0  d60bb663 Jul 14, 2025          WEX-WEI x86 64bit/MS Windows - 08/21/25 16:53:36 Page 51
Otimizacao de Corte de Bobinas - Beontag (v28.0 - Filtro de Par)
Solution Report     SOLVE GeraPadrao Using MIP From line 1054


               S O L V E      S U M M A R Y

     MODEL   GeraPadrao          OBJECTIVE  v_valorPadrao
     TYPE    MIP                 DIRECTION  MAXIMIZE
     SOLVER  CPLEX               FROM LINE  1054

**** SOLVER STATUS     1 Normal Completion
**** MODEL STATUS      1 Optimal
**** OBJECTIVE VALUE            90000.0000

 RESOURCE USAGE, LIMIT          0.094 10000000000.000
 ITERATION COUNT, LIMIT        28    2147483647
--- GAMS/CPLEX licensed for continuous and discrete problems.
--- GMO setup time: 0.00s
--- Space for names approximately 1.17 Mb
--- Use option 'names no' to turn use of names off
--- GMO memory 4.09 Mb (peak 4.24 Mb)
--- Dictionary memory 0.00 Mb
--- Cplex 22.1.2.0 link memory 0.41 Mb (peak 2.26 Mb)
--- Starting Cplex


--- MIP status (101): integer optimal solution.
--- Cplex Time: 0.05sec (det. 20.99 ticks)

--- Returning a primal only solution to GAMS (marginals all set to NA).
--- Fixing integer variables and solving final LP...


--- Fixed MIP status (1): optimal.
--- Cplex Time: 0.03sec (det. 9.65 ticks)


Proven optimal solution
MIP Solution:        90000.000000    (28 iterations, 0 nodes)
Final Solve:         90000.000000    (0 iterations)

Best possible:       90000.000000
Absolute gap:            0.000000
Relative gap:            0.000000



**** REPORT SUMMARY :        0     NONOPT
                             0 INFEASIBLE
                             0  UNBOUNDED
GAMS 50.2.0  d60bb663 Jul 14, 2025          WEX-WEI x86 64bit/MS Windows - 08/21/25 16:53:36 Page 52
Otimizacao de Corte de Bobinas - Beontag (v28.0 - Filtro de Par)
Range Statistics    SOLVE CorteMestre Using RMIP From line 1043


RANGE STATISTICS (ABSOLUTE NON-ZERO FINITE VALUES)

RHS       [min, max] : [ 2.000E+00, 1.080E+03] - Zero values observed as well
Bound     [min, max] : [        NA,        NA] - Zero values observed as well
Matrix    [min, max] : [ 1.333E-01, 1.000E+04]

GAMS 50.2.0  d60bb663 Jul 14, 2025          WEX-WEI x86 64bit/MS Windows - 08/21/25 16:53:36 Page 53
Otimizacao de Corte de Bobinas - Beontag (v28.0 - Filtro de Par)
Model Statistics    SOLVE CorteMestre Using RMIP From line 1043


LOOPS                            FOR/WHILE   9


MODEL STATISTICS

BLOCKS OF EQUATIONS           4     SINGLE EQUATIONS        1,401
BLOCKS OF VARIABLES           4     SINGLE VARIABLES       19,357
NON ZERO ELEMENTS        22,971     DISCRETE VARIABLES        384


GENERATION TIME      =        0.016 SECONDS      8 MB  50.2.0 d60bb663 WEX-WEI
               L O O P S          FOR/WHILE 9

GAMS 50.2.0  d60bb663 Jul 14, 2025          WEX-WEI x86 64bit/MS Windows - 08/21/25 16:53:36 Page 54
Otimizacao de Corte de Bobinas - Beontag (v28.0 - Filtro de Par)
Solution Report     SOLVE CorteMestre Using RMIP From line 1043


               S O L V E      S U M M A R Y

     MODEL   CorteMestre         OBJECTIVE  zTotal
     TYPE    RMIP                DIRECTION  MINIMIZE
     SOLVER  CPLEX               FROM LINE  1043

**** SOLVER STATUS     1 Normal Completion
**** MODEL STATUS      1 Optimal
**** OBJECTIVE VALUE         15803084.3381

 RESOURCE USAGE, LIMIT          0.016 10000000000.000
 ITERATION COUNT, LIMIT         0    2147483647
--- GAMS/CPLEX licensed for continuous and discrete problems.
--- GMO setup time: 0.00s
--- Space for names approximately 1.12 Mb
--- Use option 'names no' to turn use of names off
--- GMO memory 3.94 Mb (peak 4.09 Mb)
--- Dictionary memory 0.00 Mb
--- Cplex 22.1.2.0 link memory 0.39 Mb (peak 1.91 Mb)
--- Starting Cplex


--- LP status (1): optimal.
--- Cplex Time: 0.02sec (det. 7.76 ticks)


Optimal solution found
Objective:     15803084.338050



**** REPORT SUMMARY :        0     NONOPT
                             0 INFEASIBLE
                             0  UNBOUNDED
GAMS 50.2.0  d60bb663 Jul 14, 2025          WEX-WEI x86 64bit/MS Windows - 08/21/25 16:53:36 Page 55
Otimizacao de Corte de Bobinas - Beontag (v28.0 - Filtro de Par)
Range Statistics    SOLVE GeraPadrao Using MIP From line 1054


RANGE STATISTICS (ABSOLUTE NON-ZERO FINITE VALUES)

RHS       [min, max] : [ 1.000E+00, 1.080E+03] - Zero values observed as well
Bound     [min, max] : [ 1.000E+00, 1.900E+01] - Zero values observed as well
Matrix    [min, max] : [ 1.333E-01, 1.000E+04]

GAMS 50.2.0  d60bb663 Jul 14, 2025          WEX-WEI x86 64bit/MS Windows - 08/21/25 16:53:36 Page 56
Otimizacao de Corte de Bobinas - Beontag (v28.0 - Filtro de Par)
Model Statistics    SOLVE GeraPadrao Using MIP From line 1054


LOOPS                            FOR/WHILE   9


MODEL STATISTICS

BLOCKS OF EQUATIONS          10     SINGLE EQUATIONS        1,530
BLOCKS OF VARIABLES           7     SINGLE VARIABLES       20,487
NON ZERO ELEMENTS        24,721     DISCRETE VARIABLES      1,513


GENERATION TIME      =        0.016 SECONDS      8 MB  50.2.0 d60bb663 WEX-WEI
               L O O P S          FOR/WHILE 9

GAMS 50.2.0  d60bb663 Jul 14, 2025          WEX-WEI x86 64bit/MS Windows - 08/21/25 16:53:36 Page 57
Otimizacao de Corte de Bobinas - Beontag (v28.0 - Filtro de Par)
Solution Report     SOLVE GeraPadrao Using MIP From line 1054


               S O L V E      S U M M A R Y

     MODEL   GeraPadrao          OBJECTIVE  v_valorPadrao
     TYPE    MIP                 DIRECTION  MAXIMIZE
     SOLVER  CPLEX               FROM LINE  1054

**** SOLVER STATUS     8 User Interrupt
**** MODEL STATUS      8 Integer Solution
**** OBJECTIVE VALUE            60000.0000

 RESOURCE USAGE, LIMIT          0.078 10000000000.000
 ITERATION COUNT, LIMIT        20    2147483647
--- GAMS/CPLEX licensed for continuous and discrete problems.
--- GMO setup time: 0.00s
--- Space for names approximately 1.17 Mb
--- Use option 'names no' to turn use of names off
--- GMO memory 4.09 Mb (peak 4.25 Mb)
--- Dictionary memory 0.00 Mb
--- Cplex 22.1.2.0 link memory 0.41 Mb (peak 2.27 Mb)
--- Starting Cplex


--- MIP status (113): aborted.
--- Cplex Time: 0.03sec (det. 17.32 ticks)

--- Returning a primal only solution to GAMS (marginals all set to NA).
--- Fixing integer variables and solving final LP...


--- Fixed MIP status (1): optimal.
--- Cplex Time: 0.03sec (det. 9.70 ticks)


Problem aborted
MIP Solution:        60000.000000    (20 iterations, 0 nodes)
Final Solve:         60000.000000    (0 iterations)

Best possible:       90000.000000
Absolute gap:        30000.000000
Relative gap:            0.333333



**** REPORT SUMMARY :        0     NONOPT
                             0 INFEASIBLE
                             0  UNBOUNDED
GAMS 50.2.0  d60bb663 Jul 14, 2025          WEX-WEI x86 64bit/MS Windows - 08/21/25 16:53:36 Page 58
Otimizacao de Corte de Bobinas - Beontag (v28.0 - Filtro de Par)
Range Statistics    SOLVE CorteMestre Using RMIP From line 1043


RANGE STATISTICS (ABSOLUTE NON-ZERO FINITE VALUES)

RHS       [min, max] : [ 2.000E+00, 1.080E+03] - Zero values observed as well
Bound     [min, max] : [        NA,        NA] - Zero values observed as well
Matrix    [min, max] : [ 1.333E-01, 1.000E+04]

GAMS 50.2.0  d60bb663 Jul 14, 2025          WEX-WEI x86 64bit/MS Windows - 08/21/25 16:53:36 Page 59
Otimizacao de Corte de Bobinas - Beontag (v28.0 - Filtro de Par)
Model Statistics    SOLVE CorteMestre Using RMIP From line 1043


LOOPS                            FOR/WHILE   10


MODEL STATISTICS

BLOCKS OF EQUATIONS           4     SINGLE EQUATIONS        1,401
BLOCKS OF VARIABLES           4     SINGLE VARIABLES       19,405
NON ZERO ELEMENTS        23,142     DISCRETE VARIABLES        432


GENERATION TIME      =        0.015 SECONDS      8 MB  50.2.0 d60bb663 WEX-WEI
               L O O P S          FOR/WHILE 10

GAMS 50.2.0  d60bb663 Jul 14, 2025          WEX-WEI x86 64bit/MS Windows - 08/21/25 16:53:36 Page 60
Otimizacao de Corte de Bobinas - Beontag (v28.0 - Filtro de Par)
Solution Report     SOLVE CorteMestre Using RMIP From line 1043


               S O L V E      S U M M A R Y

     MODEL   CorteMestre         OBJECTIVE  zTotal
     TYPE    RMIP                DIRECTION  MINIMIZE
     SOLVER  CPLEX               FROM LINE  1043

**** SOLVER STATUS     1 Normal Completion
**** MODEL STATUS      1 Optimal
**** OBJECTIVE VALUE         15583088.0082

 RESOURCE USAGE, LIMIT          0.000 10000000000.000
 ITERATION COUNT, LIMIT        25    2147483647
--- GAMS/CPLEX licensed for continuous and discrete problems.
--- GMO setup time: 0.00s
--- Space for names approximately 1.12 Mb
--- Use option 'names no' to turn use of names off
--- GMO memory 3.95 Mb (peak 4.10 Mb)
--- Dictionary memory 0.00 Mb
--- Cplex 22.1.2.0 link memory 0.39 Mb (peak 1.92 Mb)
--- Starting Cplex


--- LP status (1): optimal.
--- Cplex Time: 0.00sec (det. 8.48 ticks)


Optimal solution found
Objective:     15583088.008163



**** REPORT SUMMARY :        0     NONOPT
                             0 INFEASIBLE
                             0  UNBOUNDED
GAMS 50.2.0  d60bb663 Jul 14, 2025          WEX-WEI x86 64bit/MS Windows - 08/21/25 16:53:36 Page 61
Otimizacao de Corte de Bobinas - Beontag (v28.0 - Filtro de Par)
Model Analysis      SOLVE GeraPadrao Using MIP From line 1054


**** Exec Error at line 933: Execution halted: Triggered by pending CtrlC event
GAMS 50.2.0  d60bb663 Jul 14, 2025          WEX-WEI x86 64bit/MS Windows - 08/21/25 16:53:36 Page 62
Otimizacao de Corte de Bobinas - Beontag (v28.0 - Filtro de Par)
Model Statistics    SOLVE GeraPadrao Using MIP From line 1054


LOOPS                            FOR/WHILE   10


MODEL STATISTICS

BLOCKS OF EQUATIONS           2     SINGLE EQUATIONS            1
BLOCKS OF VARIABLES           4     SINGLE VARIABLES       19,405
NON ZERO ELEMENTS        19,405


GENERATION TIME      =        0.015 SECONDS      8 MB  50.2.0 d60bb663 WEX-WEI

**** SOLVE from line 1054 ABORTED, EXECERROR = 1

**** REPORT FILE SUMMARY

 puDummy C:\Users\55159\source\repos\APSSystem_NOVO\225f\myPuDummy.dat


EXECUTION TIME       =        3.156 SECONDS      8 MB  50.2.0 d60bb663 WEX-WEI


USER: Wellington Barbosa                             G250725+0003Cc-GEN
      Wellington Barbosa Consulting                             DCE4542


**** FILE SUMMARY

Input      C:\Users\55159\source\repos\APSSystem_NOVO\APS_Otimizacao.gms
Output     C:\Users\55159\source\repos\APSSystem_NOVO\APS_Otimizacao.lst

**** USER ERROR(S) ENCOUNTERED
